This is pdfTeX, Version 3.141592653-2.6-1.40.28 (TeX Live 2025) (preloaded format=pdflatex 2025.12.4)  16 DEC 2025 12:12
entering extended mode
 restricted \write18 enabled.
 file:line:error style messages enabled.
 %&-line parsing enabled.
**tesis.tex
(/home/bweisz/Documents/Tesis-de-licenciatura-Bruno-Weisz/reporte/tesis.tex
LaTeX2e <2025-11-01>
L3 programming layer <2025-11-14>
(/home/bweisz/Documents/Tesis-de-licenciatura-Bruno-Weisz/reporte/tesis.cls
Document Class: tesis 1996/25/01 1.0g LaTeX document class (wm).
\hours=\count275
\minutes=\count276
(/usr/local/texlive/2025/texmf-dist/tex/latex/base/bk11.clo
File: bk11.clo 2025/01/22 v1.4n Standard LaTeX file (size option)
)
\c@part=\count277
\c@chapter=\count278
\c@section=\count279
\c@subsection=\count280
\c@subsubsection=\count281
\c@paragraph=\count282
\c@subparagraph=\count283
\beforechaptervspace=\skip49
\afterchaptervspace=\skip50
\exampleindent=\skip51
\c@figure=\count284
\c@table=\count285
\abovecaptionskip=\skip52
\belowcaptionskip=\skip53
\bibindent=\dimen148
)
(/usr/local/texlive/2025/texmf-dist/tex/latex/minted/minted.sty
Package: minted 2025/05/14 v3.7.0 Yet another Pygments shim for LaTeX

(/usr/local/texlive/2025/texmf-dist/tex/generic/catchfile/catchfile.sty
Package: catchfile 2019/12/09 v1.8 Catch the contents of a file (HO)

(/usr/local/texlive/2025/texmf-dist/tex/generic/infwarerr/infwarerr.sty
Package: infwarerr 2019/12/03 v1.5 Providing info/warning/error messages (HO)
)
(/usr/local/texlive/2025/texmf-dist/tex/generic/ltxcmds/ltxcmds.sty
Package: ltxcmds 2023-12-04 v1.26 LaTeX kernel commands for general use (HO)
)
(/usr/local/texlive/2025/texmf-dist/tex/generic/etexcmds/etexcmds.sty
Package: etexcmds 2019/12/15 v1.7 Avoid name clashes with e-TeX commands (HO)

(/usr/local/texlive/2025/texmf-dist/tex/generic/iftex/iftex.sty
Package: iftex 2024/12/12 v1.0g TeX engine tests
)))
(/usr/local/texlive/2025/texmf-dist/tex/latex/etoolbox/etoolbox.sty
Package: etoolbox 2025/10/02 v2.5m e-TeX tools for LaTeX (JAW)
\etb@tempcnta=\count286
)
(/usr/local/texlive/2025/texmf-dist/tex/latex/fvextra/fvextra.sty
Package: fvextra 2025/05/29 v1.13.2 fvextra - extensions and patches for fancyv
rb

(/usr/local/texlive/2025/texmf-dist/tex/latex/fancyvrb/fancyvrb.sty
Package: fancyvrb 2025/07/28 4.6 verbatim text (tvz,hv)

(/usr/local/texlive/2025/texmf-dist/tex/latex/graphics/keyval.sty
Package: keyval 2022/05/29 v1.15 key=value parser (DPC)
\KV@toks@=\toks17
)
\FV@CodeLineNo=\count287
\FV@InFile=\read2
\FV@TabBox=\box53
\c@FancyVerbLine=\count288
\FV@StepNumber=\count289
\FV@OutFile=\write3
)
(/usr/local/texlive/2025/texmf-dist/tex/generic/pdftexcmds/pdftexcmds.sty
Package: pdftexcmds 2020-06-27 v0.33 Utility functions of pdfTeX for LuaTeX (HO
)
Package pdftexcmds Info: \pdf@primitive is available.
Package pdftexcmds Info: \pdf@ifprimitive is available.
Package pdftexcmds Info: \pdfdraftmode found.
)
(/usr/local/texlive/2025/texmf-dist/tex/latex/upquote/upquote.sty
Package: upquote 2012/04/19 v1.3 upright-quote and grave-accent glyphs in verba
tim
)
(/usr/local/texlive/2025/texmf-dist/tex/latex/lineno/lineno.sty
Package: lineno 2025/05/13 line numbers on paragraphs v5.5

(/usr/local/texlive/2025/texmf-dist/tex/latex/kvoptions/kvoptions.sty
Package: kvoptions 2022-06-15 v3.15 Key value format for package options (HO)

(/usr/local/texlive/2025/texmf-dist/tex/latex/kvsetkeys/kvsetkeys.sty
Package: kvsetkeys 2022-10-05 v1.19 Key value parser (HO)
))
\linenopenalty=\count290
\output=\toks18
\linenoprevgraf=\count291
\linenumbersep=\dimen149
\linenumberwidth=\dimen150
\c@linenumber=\count292
\c@pagewiselinenumber=\count293
\c@LN@truepage=\count294
\c@internallinenumber=\count295
\c@internallinenumbers=\count296
\quotelinenumbersep=\dimen151
\bframerule=\dimen152
\bframesep=\dimen153
\bframebox=\box54
)
\c@FancyVerbWriteLine=\count297
\c@FancyVerbBufferLine=\count298
\c@FV@TrueTabGroupLevel=\count299
\c@FV@TrueTabCounter=\count300
\FV@TabBox@Group=\box55
\FV@bgcolorstructbox=\box56
\FV@TmpLength=\skip54
\c@FV@HighlightLinesStart=\count301
\c@FV@HighlightLinesStop=\count302
\FV@LoopCount=\count303
\FV@NCharsBox=\box57
\FV@BreakIndent=\dimen154
\FV@BreakIndentNChars=\count304
\FV@BreakSymbolSepLeft=\dimen155
\FV@BreakSymbolSepLeftNChars=\count305
\FV@BreakSymbolSepRight=\dimen156
\FV@BreakSymbolSepRightNChars=\count306
\FV@BreakSymbolIndentLeft=\dimen157
\FV@BreakSymbolIndentLeftNChars=\count307
\FV@BreakSymbolIndentRight=\dimen158
\FV@BreakSymbolIndentRightNChars=\count308
\c@FancyVerbLineBreakLast=\count309
\FV@LineBox=\box58
\FV@LineIndentBox=\box59
\c@FV@BreakBufferDepth=\count310
\FV@LineWidth=\dimen159
)
(/usr/local/texlive/2025/texmf-dist/tex/latex/latex2pydata/latex2pydata.sty
Package: latex2pydata 2025/03/26 v0.6.0 latex2pydata - write data to file in Py
thon literal format
)
(/usr/local/texlive/2025/texmf-dist/tex/latex/pgf/utilities/pgfkeys.sty
(/usr/local/texlive/2025/texmf-dist/tex/generic/pgf/utilities/pgfkeys.code.tex
\pgfkeys@pathtoks=\toks19
\pgfkeys@temptoks=\toks20

(/usr/local/texlive/2025/texmf-dist/tex/generic/pgf/utilities/pgfkeyslibraryfil
tered.code.tex
\pgfkeys@tmptoks=\toks21
)))
(/usr/local/texlive/2025/texmf-dist/tex/latex/pgfopts/pgfopts.sty
Package: pgfopts 2014/07/10 v2.1a LaTeX package options with pgfkeys
\pgfopts@list@add@a@toks=\toks22
\pgfopts@list@add@b@toks=\toks23
)
(/usr/local/texlive/2025/texmf-dist/tex/latex/tools/shellesc.sty
Package: shellesc 2023/07/08 v1.0d unified shell escape interface for LaTeX
Package shellesc Info: Restricted shell escape enabled on input line 77.
)
(/usr/local/texlive/2025/texmf-dist/tex/latex/float/float.sty
Package: float 2001/11/08 v1.3d Float enhancements (AL)
\c@float@type=\count311
\float@exts=\toks24
\float@box=\box60
\@float@everytoks=\toks25
\@floatcapt=\box61
)
\c@minted@FancyVerbLineTemp=\count312
\@float@every@listing=\toks26
\c@listing=\count313
)
(/usr/local/texlive/2025/texmf-dist/tex/latex/amsmath/amsmath.sty
Package: amsmath 2025/07/09 v2.17z AMS math features
\@mathmargin=\skip55

For additional information on amsmath, use the `?' option.
(/usr/local/texlive/2025/texmf-dist/tex/latex/amsmath/amstext.sty
Package: amstext 2024/11/17 v2.01 AMS text

(/usr/local/texlive/2025/texmf-dist/tex/latex/amsmath/amsgen.sty
File: amsgen.sty 1999/11/30 v2.0 generic functions
\@emptytoks=\toks27
\ex@=\dimen160
))
(/usr/local/texlive/2025/texmf-dist/tex/latex/amsmath/amsbsy.sty
Package: amsbsy 1999/11/29 v1.2d Bold Symbols
\pmbraise@=\dimen161
)
(/usr/local/texlive/2025/texmf-dist/tex/latex/amsmath/amsopn.sty
Package: amsopn 2022/04/08 v2.04 operator names
)
\inf@bad=\count314
LaTeX Info: Redefining \frac on input line 233.
\uproot@=\count315
\leftroot@=\count316
LaTeX Info: Redefining \overline on input line 398.
LaTeX Info: Redefining \colon on input line 409.
\classnum@=\count317
\DOTSCASE@=\count318
LaTeX Info: Redefining \ldots on input line 495.
LaTeX Info: Redefining \dots on input line 498.
LaTeX Info: Redefining \cdots on input line 619.
\Mathstrutbox@=\box62
\strutbox@=\box63
LaTeX Info: Redefining \big on input line 721.
LaTeX Info: Redefining \Big on input line 722.
LaTeX Info: Redefining \bigg on input line 723.
LaTeX Info: Redefining \Bigg on input line 724.
\big@size=\dimen162
LaTeX Font Info:    Redeclaring font encoding OML on input line 742.
LaTeX Font Info:    Redeclaring font encoding OMS on input line 743.
\macc@depth=\count319
LaTeX Info: Redefining \bmod on input line 904.
LaTeX Info: Redefining \pmod on input line 909.
LaTeX Info: Redefining \smash on input line 939.
LaTeX Info: Redefining \relbar on input line 969.
LaTeX Info: Redefining \Relbar on input line 970.
\c@MaxMatrixCols=\count320
\dotsspace@=\muskip17
\c@parentequation=\count321
\dspbrk@lvl=\count322
\tag@help=\toks28
\row@=\count323
\column@=\count324
\maxfields@=\count325
\andhelp@=\toks29
\eqnshift@=\dimen163
\alignsep@=\dimen164
\tagshift@=\dimen165
\tagwidth@=\dimen166
\totwidth@=\dimen167
\lineht@=\dimen168
\@envbody=\toks30
\multlinegap=\skip56
\multlinetaggap=\skip57
\mathdisplay@stack=\toks31
LaTeX Info: Redefining \[ on input line 2950.
LaTeX Info: Redefining \] on input line 2951.
)
\@LN@amsmath@ams@eqpen=\count326

(/usr/local/texlive/2025/texmf-dist/tex/latex/booktabs/booktabs.sty
Package: booktabs 2020/01/12 v1.61803398 Publication quality tables
\heavyrulewidth=\dimen169
\lightrulewidth=\dimen170
\cmidrulewidth=\dimen171
\belowrulesep=\dimen172
\belowbottomsep=\dimen173
\aboverulesep=\dimen174
\abovetopsep=\dimen175
\cmidrulesep=\dimen176
\cmidrulekern=\dimen177
\defaultaddspace=\dimen178
\@cmidla=\count327
\@cmidlb=\count328
\@aboverulesep=\dimen179
\@belowrulesep=\dimen180
\@thisruleclass=\count329
\@lastruleclass=\count330
\@thisrulewidth=\dimen181
)
(/usr/local/texlive/2025/texmf-dist/tex/latex/graphics/graphicx.sty
Package: graphicx 2024/12/31 v1.2e Enhanced LaTeX Graphics (DPC,SPQR)

(/usr/local/texlive/2025/texmf-dist/tex/latex/graphics/graphics.sty
Package: graphics 2024/08/06 v1.4g Standard LaTeX Graphics (DPC,SPQR)

(/usr/local/texlive/2025/texmf-dist/tex/latex/graphics/trig.sty
Package: trig 2023/12/02 v1.11 sin cos tan (DPC)
)
(/usr/local/texlive/2025/texmf-dist/tex/latex/graphics-cfg/graphics.cfg
File: graphics.cfg 2016/06/04 v1.11 sample graphics configuration
)
Package graphics Info: Driver file: pdftex.def on input line 106.

(/usr/local/texlive/2025/texmf-dist/tex/latex/graphics-def/pdftex.def
File: pdftex.def 2025/09/29 v1.2d Graphics/color driver for pdftex
))
\Gin@req@height=\dimen182
\Gin@req@width=\dimen183
)
(/usr/local/texlive/2025/texmf-dist/tex/latex/base/inputenc.sty
Package: inputenc 2024/02/08 v1.3d Input encoding file
\inpenc@prehook=\toks32
\inpenc@posthook=\toks33
)
(/usr/local/texlive/2025/texmf-dist/tex/generic/babel/babel.sty
Package: babel 2025/11/23 v25.16 The multilingual framework for LuaLaTeX, pdfLa
TeX and XeLaTeX
\babel@savecnt=\count331
LaTeX Encoding Info:    Redeclaring text command \ij (encoding OT1) on input li
ne 2050.
LaTeX Encoding Info:    Redeclaring text command \IJ (encoding OT1) on input li
ne 2052.
LaTeX Encoding Info:    Redeclaring text command \ij (encoding T1) on input lin
e 2054.
LaTeX Encoding Info:    Redeclaring text command \IJ (encoding T1) on input lin
e 2055.
LaTeX Encoding Info:    Ignoring declaration for text command \ij (encoding ?) 
on input line 2056.
LaTeX Encoding Info:    Ignoring declaration for text command \IJ (encoding ?) 
on input line 2058.
LaTeX Encoding Info:    Ignoring declaration for text command \SS (encoding ?) 
on input line 2083.
\U@D=\dimen184
\l@unhyphenated=\language49

(/usr/local/texlive/2025/texmf-dist/tex/generic/babel/txtbabel.def)
\bbl@readstream=\read3
\bbl@dirlevel=\count332

(/usr/local/texlive/2025/texmf-dist/tex/generic/babel/locale/es/babel-spanish.t
ex)
Package babel Info: Importing font and identification data for spanish
(babel)             from babel-es.ini. Reported on input line 4298.
 (/usr/local/texlive/2025/texmf-dist/tex/generic/babel-spanish/spanish.ldf
Language: spanish.ldf 2021/05/27 v5.0q Spanish support from the babel system
\es@quottoks=\toks34
\es@quotdepth=\count333
Package babel Info: Making " an active character on input line 570.
Package babel Info: Making . an active character on input line 675.
Package babel Info: Making < an active character on input line 722.
Package babel Info: Making > an active character on input line 722.
))
LaTeX Encoding Info:    Redeclaring text command \guillemotleft (encoding OT1) 
on input line 8.
LaTeX Encoding Info:    Redeclaring text command \guillemotright (encoding OT1)
 on input line 8.
(/usr/local/texlive/2025/texmf-dist/tex/latex/geometry/geometry.sty
Package: geometry 2020/01/02 v5.9 Page Geometry

(/usr/local/texlive/2025/texmf-dist/tex/generic/iftex/ifvtex.sty
Package: ifvtex 2019/10/25 v1.7 ifvtex legacy package. Use iftex instead.
)
\Gm@cnth=\count334
\Gm@cntv=\count335
\c@Gm@tempcnt=\count336
\Gm@bindingoffset=\dimen185
\Gm@wd@mp=\dimen186
\Gm@odd@mp=\dimen187
\Gm@even@mp=\dimen188
\Gm@layoutwidth=\dimen189
\Gm@layoutheight=\dimen190
\Gm@layouthoffset=\dimen191
\Gm@layoutvoffset=\dimen192
\Gm@dimlist=\toks35
)
(/usr/local/texlive/2025/texmf-dist/tex/latex/amsfonts/amssymb.sty
Package: amssymb 2013/01/14 v3.01 AMS font symbols

(/usr/local/texlive/2025/texmf-dist/tex/latex/amsfonts/amsfonts.sty
Package: amsfonts 2013/01/14 v3.01 Basic AMSFonts support
\symAMSa=\mathgroup4
\symAMSb=\mathgroup5
LaTeX Font Info:    Redeclaring math symbol \hbar on input line 98.
LaTeX Font Info:    Overwriting math alphabet `\mathfrak' in version `bold'
(Font)                  U/euf/m/n --> U/euf/b/n on input line 106.
))
(/usr/local/texlive/2025/texmf-dist/tex/latex/url/url.sty
\Urlmuskip=\muskip18
Package: url 2013/09/16  ver 3.4  Verb mode for urls, etc.
)
(/usr/local/texlive/2025/texmf-dist/tex/latex/xcolor/xcolor.sty
Package: xcolor 2024/09/29 v3.02 LaTeX color extensions (UK)

(/usr/local/texlive/2025/texmf-dist/tex/latex/graphics-cfg/color.cfg
File: color.cfg 2016/01/02 v1.6 sample color configuration
)
Package xcolor Info: Driver file: pdftex.def on input line 274.

(/usr/local/texlive/2025/texmf-dist/tex/latex/graphics/mathcolor.ltx)
Package xcolor Info: Model `cmy' substituted by `cmy0' on input line 1349.
Package xcolor Info: Model `hsb' substituted by `rgb' on input line 1353.
Package xcolor Info: Model `RGB' extended on input line 1365.
Package xcolor Info: Model `HTML' substituted by `rgb' on input line 1367.
Package xcolor Info: Model `Hsb' substituted by `hsb' on input line 1368.
Package xcolor Info: Model `tHsb' substituted by `hsb' on input line 1369.
Package xcolor Info: Model `HSB' substituted by `hsb' on input line 1370.
Package xcolor Info: Model `Gray' substituted by `gray' on input line 1371.
Package xcolor Info: Model `wave' substituted by `hsb' on input line 1372.
)
(/usr/local/texlive/2025/texmf-dist/tex/latex/todonotes/todonotes.sty
Package: todonotes 2024/01/05 v1.1.7 Todonotes source and documentation.
Package: todonotes 2024/01/05

(/usr/local/texlive/2025/texmf-dist/tex/latex/base/ifthen.sty
Package: ifthen 2024/03/16 v1.1e Standard LaTeX ifthen package (DPC)
)
(/usr/local/texlive/2025/texmf-dist/tex/latex/xkeyval/xkeyval.sty
Package: xkeyval 2025/11/04 v2.10 package option processing (HA)

(/usr/local/texlive/2025/texmf-dist/tex/generic/xkeyval/xkeyval.tex
(/usr/local/texlive/2025/texmf-dist/tex/generic/xkeyval/xkvutils.tex
\XKV@toks=\toks36
\XKV@tempa@toks=\toks37
\XKV@tempb@toks=\toks38
)
\XKV@depth=\count337
File: xkeyval.tex 2014/12/03 v2.7a key=value parser (HA)
))
(/usr/local/texlive/2025/texmf-dist/tex/latex/pgf/frontendlayer/tikz.sty
(/usr/local/texlive/2025/texmf-dist/tex/latex/pgf/basiclayer/pgf.sty
(/usr/local/texlive/2025/texmf-dist/tex/latex/pgf/utilities/pgfrcs.sty
(/usr/local/texlive/2025/texmf-dist/tex/generic/pgf/utilities/pgfutil-common.te
x
\pgfutil@everybye=\toks39
\pgfutil@tempdima=\dimen193
\pgfutil@tempdimb=\dimen194
)
(/usr/local/texlive/2025/texmf-dist/tex/generic/pgf/utilities/pgfutil-latex.def
\pgfutil@abb=\box64
) (/usr/local/texlive/2025/texmf-dist/tex/generic/pgf/utilities/pgfrcs.code.tex
(/usr/local/texlive/2025/texmf-dist/tex/generic/pgf/pgf.revision.tex)
Package: pgfrcs 2025-08-29 v3.1.11a (3.1.11a)
))
Package: pgf 2025-08-29 v3.1.11a (3.1.11a)

(/usr/local/texlive/2025/texmf-dist/tex/latex/pgf/basiclayer/pgfcore.sty
(/usr/local/texlive/2025/texmf-dist/tex/latex/pgf/systemlayer/pgfsys.sty
(/usr/local/texlive/2025/texmf-dist/tex/generic/pgf/systemlayer/pgfsys.code.tex
Package: pgfsys 2025-08-29 v3.1.11a (3.1.11a)
\pgf@x=\dimen195
\pgf@y=\dimen196
\pgf@xa=\dimen197
\pgf@ya=\dimen198
\pgf@xb=\dimen199
\pgf@yb=\dimen256
\pgf@xc=\dimen257
\pgf@yc=\dimen258
\pgf@xd=\dimen259
\pgf@yd=\dimen260
\w@pgf@writea=\write4
\r@pgf@reada=\read4
\c@pgf@counta=\count338
\c@pgf@countb=\count339
\c@pgf@countc=\count340
\c@pgf@countd=\count341
\t@pgf@toka=\toks40
\t@pgf@tokb=\toks41
\t@pgf@tokc=\toks42
\pgf@sys@id@count=\count342
(/usr/local/texlive/2025/texmf-dist/tex/generic/pgf/systemlayer/pgf.cfg
File: pgf.cfg 2025-08-29 v3.1.11a (3.1.11a)
)
Driver file for pgf: pgfsys-pdftex.def

(/usr/local/texlive/2025/texmf-dist/tex/generic/pgf/systemlayer/pgfsys-pdftex.d
ef
File: pgfsys-pdftex.def 2025-08-29 v3.1.11a (3.1.11a)

(/usr/local/texlive/2025/texmf-dist/tex/generic/pgf/systemlayer/pgfsys-common-p
df.def
File: pgfsys-common-pdf.def 2025-08-29 v3.1.11a (3.1.11a)
)))
(/usr/local/texlive/2025/texmf-dist/tex/generic/pgf/systemlayer/pgfsyssoftpath.
code.tex
File: pgfsyssoftpath.code.tex 2025-08-29 v3.1.11a (3.1.11a)
\pgfsyssoftpath@smallbuffer@items=\count343
\pgfsyssoftpath@bigbuffer@items=\count344
)
(/usr/local/texlive/2025/texmf-dist/tex/generic/pgf/systemlayer/pgfsysprotocol.
code.tex
File: pgfsysprotocol.code.tex 2025-08-29 v3.1.11a (3.1.11a)
))
(/usr/local/texlive/2025/texmf-dist/tex/generic/pgf/basiclayer/pgfcore.code.tex
Package: pgfcore 2025-08-29 v3.1.11a (3.1.11a)
(/usr/local/texlive/2025/texmf-dist/tex/generic/pgf/math/pgfmath.code.tex
(/usr/local/texlive/2025/texmf-dist/tex/generic/pgf/math/pgfmathutil.code.tex)
(/usr/local/texlive/2025/texmf-dist/tex/generic/pgf/math/pgfmathparser.code.tex
\pgfmath@dimen=\dimen261
\pgfmath@count=\count345
\pgfmath@box=\box65
\pgfmath@toks=\toks43
\pgfmath@stack@operand=\toks44
\pgfmath@stack@operation=\toks45
)
(/usr/local/texlive/2025/texmf-dist/tex/generic/pgf/math/pgfmathfunctions.code.
tex)
(/usr/local/texlive/2025/texmf-dist/tex/generic/pgf/math/pgfmathfunctions.basic
.code.tex)
(/usr/local/texlive/2025/texmf-dist/tex/generic/pgf/math/pgfmathfunctions.trigo
nometric.code.tex)
(/usr/local/texlive/2025/texmf-dist/tex/generic/pgf/math/pgfmathfunctions.rando
m.code.tex)
(/usr/local/texlive/2025/texmf-dist/tex/generic/pgf/math/pgfmathfunctions.compa
rison.code.tex)
(/usr/local/texlive/2025/texmf-dist/tex/generic/pgf/math/pgfmathfunctions.base.
code.tex)
(/usr/local/texlive/2025/texmf-dist/tex/generic/pgf/math/pgfmathfunctions.round
.code.tex)
(/usr/local/texlive/2025/texmf-dist/tex/generic/pgf/math/pgfmathfunctions.misc.
code.tex)
(/usr/local/texlive/2025/texmf-dist/tex/generic/pgf/math/pgfmathfunctions.integ
erarithmetics.code.tex)
(/usr/local/texlive/2025/texmf-dist/tex/generic/pgf/math/pgfmathcalc.code.tex)
(/usr/local/texlive/2025/texmf-dist/tex/generic/pgf/math/pgfmathfloat.code.tex
\c@pgfmathroundto@lastzeros=\count346
)) (/usr/local/texlive/2025/texmf-dist/tex/generic/pgf/math/pgfint.code.tex)
(/usr/local/texlive/2025/texmf-dist/tex/generic/pgf/basiclayer/pgfcorepoints.co
de.tex
File: pgfcorepoints.code.tex 2025-08-29 v3.1.11a (3.1.11a)
\pgf@picminx=\dimen262
\pgf@picmaxx=\dimen263
\pgf@picminy=\dimen264
\pgf@picmaxy=\dimen265
\pgf@pathminx=\dimen266
\pgf@pathmaxx=\dimen267
\pgf@pathminy=\dimen268
\pgf@pathmaxy=\dimen269
\pgf@xx=\dimen270
\pgf@xy=\dimen271
\pgf@yx=\dimen272
\pgf@yy=\dimen273
\pgf@zx=\dimen274
\pgf@zy=\dimen275
)
(/usr/local/texlive/2025/texmf-dist/tex/generic/pgf/basiclayer/pgfcorepathconst
ruct.code.tex
File: pgfcorepathconstruct.code.tex 2025-08-29 v3.1.11a (3.1.11a)
\pgf@path@lastx=\dimen276
\pgf@path@lasty=\dimen277
)
(/usr/local/texlive/2025/texmf-dist/tex/generic/pgf/basiclayer/pgfcorepathusage
.code.tex
File: pgfcorepathusage.code.tex 2025-08-29 v3.1.11a (3.1.11a)
\pgf@shorten@end@additional=\dimen278
\pgf@shorten@start@additional=\dimen279
)
(/usr/local/texlive/2025/texmf-dist/tex/generic/pgf/basiclayer/pgfcorescopes.co
de.tex
File: pgfcorescopes.code.tex 2025-08-29 v3.1.11a (3.1.11a)
\pgfpic=\box66
\pgf@hbox=\box67
\pgf@layerbox@main=\box68
\pgf@picture@serial@count=\count347
)
(/usr/local/texlive/2025/texmf-dist/tex/generic/pgf/basiclayer/pgfcoregraphicst
ate.code.tex
File: pgfcoregraphicstate.code.tex 2025-08-29 v3.1.11a (3.1.11a)
\pgflinewidth=\dimen280
)
(/usr/local/texlive/2025/texmf-dist/tex/generic/pgf/basiclayer/pgfcoretransform
ations.code.tex
File: pgfcoretransformations.code.tex 2025-08-29 v3.1.11a (3.1.11a)
\pgf@pt@x=\dimen281
\pgf@pt@y=\dimen282
\pgf@pt@temp=\dimen283
)
(/usr/local/texlive/2025/texmf-dist/tex/generic/pgf/basiclayer/pgfcorequick.cod
e.tex
File: pgfcorequick.code.tex 2025-08-29 v3.1.11a (3.1.11a)
)
(/usr/local/texlive/2025/texmf-dist/tex/generic/pgf/basiclayer/pgfcoreobjects.c
ode.tex
File: pgfcoreobjects.code.tex 2025-08-29 v3.1.11a (3.1.11a)
)
(/usr/local/texlive/2025/texmf-dist/tex/generic/pgf/basiclayer/pgfcorepathproce
ssing.code.tex
File: pgfcorepathprocessing.code.tex 2025-08-29 v3.1.11a (3.1.11a)
)
(/usr/local/texlive/2025/texmf-dist/tex/generic/pgf/basiclayer/pgfcorearrows.co
de.tex
File: pgfcorearrows.code.tex 2025-08-29 v3.1.11a (3.1.11a)
\pgfarrowsep=\dimen284
)
(/usr/local/texlive/2025/texmf-dist/tex/generic/pgf/basiclayer/pgfcoreshade.cod
e.tex
File: pgfcoreshade.code.tex 2025-08-29 v3.1.11a (3.1.11a)
\pgf@max=\dimen285
\pgf@sys@shading@range@num=\count348
\pgf@shadingcount=\count349
)
(/usr/local/texlive/2025/texmf-dist/tex/generic/pgf/basiclayer/pgfcoreimage.cod
e.tex
File: pgfcoreimage.code.tex 2025-08-29 v3.1.11a (3.1.11a)
)
(/usr/local/texlive/2025/texmf-dist/tex/generic/pgf/basiclayer/pgfcoreexternal.
code.tex
File: pgfcoreexternal.code.tex 2025-08-29 v3.1.11a (3.1.11a)
\pgfexternal@startupbox=\box69
)
(/usr/local/texlive/2025/texmf-dist/tex/generic/pgf/basiclayer/pgfcorelayers.co
de.tex
File: pgfcorelayers.code.tex 2025-08-29 v3.1.11a (3.1.11a)
)
(/usr/local/texlive/2025/texmf-dist/tex/generic/pgf/basiclayer/pgfcoretranspare
ncy.code.tex
File: pgfcoretransparency.code.tex 2025-08-29 v3.1.11a (3.1.11a)
)
(/usr/local/texlive/2025/texmf-dist/tex/generic/pgf/basiclayer/pgfcorepatterns.
code.tex
File: pgfcorepatterns.code.tex 2025-08-29 v3.1.11a (3.1.11a)
)
(/usr/local/texlive/2025/texmf-dist/tex/generic/pgf/basiclayer/pgfcorerdf.code.
tex
File: pgfcorerdf.code.tex 2025-08-29 v3.1.11a (3.1.11a)
)))
(/usr/local/texlive/2025/texmf-dist/tex/generic/pgf/modules/pgfmoduleshapes.cod
e.tex
File: pgfmoduleshapes.code.tex 2025-08-29 v3.1.11a (3.1.11a)
\pgfnodeparttextbox=\box70
)
(/usr/local/texlive/2025/texmf-dist/tex/generic/pgf/modules/pgfmoduleplot.code.
tex
File: pgfmoduleplot.code.tex 2025-08-29 v3.1.11a (3.1.11a)
)
(/usr/local/texlive/2025/texmf-dist/tex/latex/pgf/compatibility/pgfcomp-version
-0-65.sty
Package: pgfcomp-version-0-65 2025-08-29 v3.1.11a (3.1.11a)
\pgf@nodesepstart=\dimen286
\pgf@nodesepend=\dimen287
)
(/usr/local/texlive/2025/texmf-dist/tex/latex/pgf/compatibility/pgfcomp-version
-1-18.sty
Package: pgfcomp-version-1-18 2025-08-29 v3.1.11a (3.1.11a)
))
(/usr/local/texlive/2025/texmf-dist/tex/latex/pgf/utilities/pgffor.sty
(/usr/local/texlive/2025/texmf-dist/tex/latex/pgf/math/pgfmath.sty
(/usr/local/texlive/2025/texmf-dist/tex/generic/pgf/math/pgfmath.code.tex))
(/usr/local/texlive/2025/texmf-dist/tex/generic/pgf/utilities/pgffor.code.tex
Package: pgffor 2025-08-29 v3.1.11a (3.1.11a)
\pgffor@iter=\dimen288
\pgffor@skip=\dimen289
\pgffor@stack=\toks46
\pgffor@toks=\toks47
))
(/usr/local/texlive/2025/texmf-dist/tex/generic/pgf/frontendlayer/tikz/tikz.cod
e.tex
Package: tikz 2025-08-29 v3.1.11a (3.1.11a)

(/usr/local/texlive/2025/texmf-dist/tex/generic/pgf/libraries/pgflibraryplothan
dlers.code.tex
File: pgflibraryplothandlers.code.tex 2025-08-29 v3.1.11a (3.1.11a)
\pgf@plot@mark@count=\count350
\pgfplotmarksize=\dimen290
)
\tikz@lastx=\dimen291
\tikz@lasty=\dimen292
\tikz@lastxsaved=\dimen293
\tikz@lastysaved=\dimen294
\tikz@lastmovetox=\dimen295
\tikz@lastmovetoy=\dimen296
\tikzleveldistance=\dimen297
\tikzsiblingdistance=\dimen298
\tikz@figbox=\box71
\tikz@figbox@bg=\box72
\tikz@tempbox=\box73
\tikz@tempbox@bg=\box74
\tikztreelevel=\count351
\tikznumberofchildren=\count352
\tikznumberofcurrentchild=\count353
\tikz@fig@count=\count354

(/usr/local/texlive/2025/texmf-dist/tex/generic/pgf/modules/pgfmodulematrix.cod
e.tex
File: pgfmodulematrix.code.tex 2025-08-29 v3.1.11a (3.1.11a)
\pgfmatrixcurrentrow=\count355
\pgfmatrixcurrentcolumn=\count356
\pgf@matrix@numberofcolumns=\count357
)
\tikz@expandcount=\count358

(/usr/local/texlive/2025/texmf-dist/tex/generic/pgf/frontendlayer/tikz/librarie
s/tikzlibrarytopaths.code.tex
File: tikzlibrarytopaths.code.tex 2025-08-29 v3.1.11a (3.1.11a)
)))
(/usr/local/texlive/2025/texmf-dist/tex/generic/pgf/frontendlayer/tikz/librarie
s/tikzlibrarypositioning.code.tex
File: tikzlibrarypositioning.code.tex 2025-08-29 v3.1.11a (3.1.11a)
)
(/usr/local/texlive/2025/texmf-dist/tex/latex/tools/calc.sty
Package: calc 2025/03/01 v4.3b Infix arithmetic (KKT,FJ)
\calc@Acount=\count359
\calc@Bcount=\count360
\calc@Adimen=\dimen299
\calc@Bdimen=\dimen300
\calc@Askip=\skip58
\calc@Bskip=\skip59
LaTeX Info: Redefining \setlength on input line 86.
LaTeX Info: Redefining \addtolength on input line 87.
\calc@Ccount=\count361
\calc@Cskip=\skip60
)
\c@@todonotes@numberoftodonotes=\count362
)
(/usr/local/texlive/2025/texmf-dist/tex/latex/tools/xspace.sty
Package: xspace 2014/10/28 v1.13 Space after command names (DPC,MH)
)
(/usr/local/texlive/2025/texmf-dist/tex/latex/hyperref/hyperref.sty
Package: hyperref 2025-07-12 v7.01o Hypertext links for LaTeX

(/usr/local/texlive/2025/texmf-dist/tex/generic/kvdefinekeys/kvdefinekeys.sty
Package: kvdefinekeys 2019-12-19 v1.6 Define keys (HO)
)
(/usr/local/texlive/2025/texmf-dist/tex/generic/pdfescape/pdfescape.sty
Package: pdfescape 2019/12/09 v1.15 Implements pdfTeX's escape features (HO)
)
(/usr/local/texlive/2025/texmf-dist/tex/latex/hycolor/hycolor.sty
Package: hycolor 2020-01-27 v1.10 Color options for hyperref/bookmark (HO)
)
(/usr/local/texlive/2025/texmf-dist/tex/latex/hyperref/nameref.sty
Package: nameref 2025-06-21 v2.57 Cross-referencing by name of section

(/usr/local/texlive/2025/texmf-dist/tex/latex/refcount/refcount.sty
Package: refcount 2019/12/15 v3.6 Data extraction from label references (HO)
)
(/usr/local/texlive/2025/texmf-dist/tex/generic/gettitlestring/gettitlestring.s
ty
Package: gettitlestring 2019/12/15 v1.6 Cleanup title references (HO)
)
\c@section@level=\count363
) (/usr/local/texlive/2025/texmf-dist/tex/generic/stringenc/stringenc.sty
Package: stringenc 2019/11/29 v1.12 Convert strings between diff. encodings (HO
)
)
\@linkdim=\dimen301
\Hy@linkcounter=\count364
\Hy@pagecounter=\count365

(/usr/local/texlive/2025/texmf-dist/tex/latex/hyperref/pd1enc.def
File: pd1enc.def 2025-07-12 v7.01o Hyperref: PDFDocEncoding definition (HO)
Now handling font encoding PD1 ...
... no UTF-8 mapping file for font encoding PD1
)
(/usr/local/texlive/2025/texmf-dist/tex/generic/intcalc/intcalc.sty
Package: intcalc 2019/12/15 v1.3 Expandable calculations with integers (HO)
)
\Hy@SavedSpaceFactor=\count366

(/usr/local/texlive/2025/texmf-dist/tex/latex/hyperref/puenc.def
File: puenc.def 2025-07-12 v7.01o Hyperref: PDF Unicode definition (HO)
Now handling font encoding PU ...
... no UTF-8 mapping file for font encoding PU
)
Package hyperref Info: Option `colorlinks' set `true' on input line 4066.
Package hyperref Info: Hyper figures OFF on input line 4195.
Package hyperref Info: Link nesting OFF on input line 4200.
Package hyperref Info: Hyper index ON on input line 4203.
Package hyperref Info: Plain pages OFF on input line 4210.
Package hyperref Info: Backreferencing OFF on input line 4215.
Package hyperref Info: Implicit mode ON; LaTeX internals redefined.
Package hyperref Info: Bookmarks ON on input line 4462.
\c@Hy@tempcnt=\count367
LaTeX Info: Redefining \url on input line 4801.
\XeTeXLinkMargin=\dimen302

(/usr/local/texlive/2025/texmf-dist/tex/generic/bitset/bitset.sty
Package: bitset 2019/12/09 v1.3 Handle bit-vector datatype (HO)

(/usr/local/texlive/2025/texmf-dist/tex/generic/bigintcalc/bigintcalc.sty
Package: bigintcalc 2019/12/15 v1.5 Expandable calculations on big integers (HO
)
))
\Fld@menulength=\count368
\Field@Width=\dimen303
\Fld@charsize=\dimen304
Package hyperref Info: Hyper figures OFF on input line 6078.
Package hyperref Info: Link nesting OFF on input line 6083.
Package hyperref Info: Hyper index ON on input line 6086.
Package hyperref Info: backreferencing OFF on input line 6093.
Package hyperref Info: Link coloring ON on input line 6096.
Package hyperref Info: Link coloring with OCG OFF on input line 6103.
Package hyperref Info: PDF/A mode OFF on input line 6108.
\Hy@abspage=\count369
\c@Item=\count370
\c@Hfootnote=\count371
)
Package hyperref Info: Driver (autodetected): hpdftex.

(/usr/local/texlive/2025/texmf-dist/tex/latex/hyperref/hpdftex.def
File: hpdftex.def 2025-07-12 v7.01o Hyperref driver for pdfTeX
\Fld@listcount=\count372
\c@bookmark@seq@number=\count373

(/usr/local/texlive/2025/texmf-dist/tex/latex/rerunfilecheck/rerunfilecheck.sty
Package: rerunfilecheck 2025-06-21 v1.11 Rerun checks for auxiliary files (HO)

(/usr/local/texlive/2025/texmf-dist/tex/generic/uniquecounter/uniquecounter.sty
Package: uniquecounter 2019/12/15 v1.4 Provide unlimited unique counter (HO)
)
Package uniquecounter Info: New unique counter `rerunfilecheck' on input line 2
84.
)
\Hy@SectionHShift=\skip61
) (/usr/local/texlive/2025/texmf-dist/tex/latex/algorithms/algorithm.sty
Package: algorithm 2009/08/24 v0.1 Document Style `algorithm' - floating enviro
nment
\@float@every@algorithm=\toks48
\c@algorithm=\count374
)
(/usr/local/texlive/2025/texmf-dist/tex/latex/algorithmicx/algpseudocode.sty
Package: algpseudocode 

(/usr/local/texlive/2025/texmf-dist/tex/latex/algorithmicx/algorithmicx.sty
Package: algorithmicx 2005/04/27 v1.2 Algorithmicx

Document Style algorithmicx 1.2 - a greatly improved `algorithmic' style
\c@ALG@line=\count375
\c@ALG@rem=\count376
\c@ALG@nested=\count377
\ALG@tlm=\skip62
\ALG@thistlm=\skip63
\c@ALG@Lnr=\count378
\c@ALG@blocknr=\count379
\c@ALG@storecount=\count380
\c@ALG@tmpcounter=\count381
\ALG@tmplength=\skip64
)
Document Style - pseudocode environments for use with the `algorithmicx' style
) (/usr/local/texlive/2025/texmf-dist/tex/generic/dirtree/dirtree.sty
Package: dirtree 2012/12/11 v0.32 package wrapper for dirtree

(/usr/local/texlive/2025/texmf-dist/tex/generic/dirtree/dirtree.tex
`dirtree' v0.32, 2012/12/11 (jcc)
\DT@offset=\dimen305
\DT@width=\dimen306
\DT@sep=\dimen307
\DT@all=\dimen308
\DT@rulewidth=\dimen309
\DT@dotwidth=\dimen310
\DTbaselineskip=\dimen311
\DT@counti=\count382
\DT@countii=\count383
\DT@countiii=\count384
\DT@countiv=\count385
\DT@indent=\dimen312
\DT@parskip=\dimen313
\DT@baselineskip=\dimen314
)
File: dirtree.tex 2012/12/11 v0.32 `dirtree' (jcc)
)
(/usr/local/texlive/2025/texmf-dist/tex/latex/enumitem/enumitem.sty
Package: enumitem 2025/02/06 v3.11 Customized lists
\labelindent=\skip65
\enit@outerparindent=\dimen315
\enit@toks=\toks49
\enit@inbox=\box75
\enit@count@id=\count386
\enitdp@description=\count387
)
(/usr/local/texlive/2025/texmf-dist/tex/latex/caption/subcaption.sty
Package: subcaption 2023/07/28 v1.6b Sub-captions (AR)

(/usr/local/texlive/2025/texmf-dist/tex/latex/caption/caption.sty
Package: caption 2023/08/05 v3.6o Customizing captions (AR)

(/usr/local/texlive/2025/texmf-dist/tex/latex/caption/caption3.sty
Package: caption3 2023/07/31 v2.4d caption3 kernel (AR)
\caption@tempdima=\dimen316
\captionmargin=\dimen317
\caption@leftmargin=\dimen318
\caption@rightmargin=\dimen319
\caption@width=\dimen320
\caption@indent=\dimen321
\caption@parindent=\dimen322
\caption@hangindent=\dimen323
Package caption Info: thesis document class detected.

(/usr/local/texlive/2025/texmf-dist/tex/latex/caption/caption-thesis.sto
File: caption-thesis.sto 2020/08/22 v2.0 Adaption of the caption package to the
 thesis document class (AR)
))
\c@caption@flags=\count388
\c@continuedfloat=\count389
Package caption Info: float package is loaded.
Package caption Info: hyperref package is loaded.
)
Package caption Info: New subtype `subfigure' on input line 238.
\c@subfigure=\count390
Package caption Info: New subtype `subtable' on input line 238.
\c@subtable=\count391
)
(/usr/local/texlive/2025/texmf-dist/tex/generic/pgf/libraries/pgflibraryarrows.
meta.code.tex
File: pgflibraryarrows.meta.code.tex 2025-08-29 v3.1.11a (3.1.11a)
\pgfarrowinset=\dimen324
\pgfarrowlength=\dimen325
\pgfarrowwidth=\dimen326
\pgfarrowlinewidth=\dimen327
)
\c@prop=\count392

(/usr/local/texlive/2025/texmf-dist/tex/latex/l3backend/l3backend-pdftex.def
File: l3backend-pdftex.def 2025-10-09 L3 backend support: PDF output (pdfTeX)
\l__color_backend_stack_int=\count393
)
(/home/bweisz/Documents/Tesis-de-licenciatura-Bruno-Weisz/reporte/tesis.aux
LaTeX Info: Redefining \. on input line 11.
LaTeX Info: Redefining \% on input line 11.
Package babel Info: 'spanish' activates 'spanish' shorthands.
(babel)             Reported on input line 11.

(/home/bweisz/Documents/Tesis-de-licenciatura-Bruno-Weisz/reporte/secciones/int
roduccion.aux)
(/home/bweisz/Documents/Tesis-de-licenciatura-Bruno-Weisz/reporte/secciones/pri
mitivas_criptograficas.aux)
(/home/bweisz/Documents/Tesis-de-licenciatura-Bruno-Weisz/reporte/secciones/pro
ving_systems.aux)
(/home/bweisz/Documents/Tesis-de-licenciatura-Bruno-Weisz/reporte/secciones/pcs
.aux)
(/home/bweisz/Documents/Tesis-de-licenciatura-Bruno-Weisz/reporte/secciones/pro
blema_a_resolver.aux)
(/home/bweisz/Documents/Tesis-de-licenciatura-Bruno-Weisz/reporte/secciones/noi
r.aux)
(/home/bweisz/Documents/Tesis-de-licenciatura-Bruno-Weisz/reporte/secciones/plo
nky2.aux)
(/home/bweisz/Documents/Tesis-de-licenciatura-Bruno-Weisz/reporte/secciones/noi
rky2.aux))
\openout1 = `tesis.aux'.

LaTeX Font Info:    Checking defaults for OML/cmm/m/it on input line 29.
LaTeX Font Info:    ... okay on input line 29.
LaTeX Font Info:    Checking defaults for OMS/cmsy/m/n on input line 29.
LaTeX Font Info:    ... okay on input line 29.
LaTeX Font Info:    Checking defaults for OT1/cmr/m/n on input line 29.
LaTeX Font Info:    ... okay on input line 29.
LaTeX Font Info:    Checking defaults for T1/cmr/m/n on input line 29.
LaTeX Font Info:    ... okay on input line 29.
LaTeX Font Info:    Checking defaults for TS1/cmr/m/n on input line 29.
LaTeX Font Info:    ... okay on input line 29.
LaTeX Font Info:    Checking defaults for OMX/cmex/m/n on input line 29.
LaTeX Font Info:    ... okay on input line 29.
LaTeX Font Info:    Checking defaults for U/cmr/m/n on input line 29.
LaTeX Font Info:    ... okay on input line 29.
LaTeX Font Info:    Checking defaults for PD1/pdf/m/n on input line 29.
LaTeX Font Info:    ... okay on input line 29.
LaTeX Font Info:    Checking defaults for PU/pdf/m/n on input line 29.
LaTeX Font Info:    ... okay on input line 29.

(/usr/local/texlive/2025/texmf-dist/tex/context/base/mkii/supp-pdf.mkii
[Loading MPS to PDF converter (version 2006.09.02).]
\scratchcounter=\count394
\scratchdimen=\dimen328
\scratchbox=\box76
\nofMPsegments=\count395
\nofMParguments=\count396
\everyMPshowfont=\toks50
\MPscratchCnt=\count397
\MPscratchDim=\dimen329
\MPnumerator=\count398
\makeMPintoPDFobject=\count399
\everyMPtoPDFconversion=\toks51
) (/usr/local/texlive/2025/texmf-dist/tex/latex/epstopdf-pkg/epstopdf-base.sty
Package: epstopdf-base 2020-01-24 v2.11 Base part for package epstopdf
Package epstopdf-base Info: Redefining graphics rule for `.eps' on input line 4
85.

(/usr/local/texlive/2025/texmf-dist/tex/latex/latexconfig/epstopdf-sys.cfg
File: epstopdf-sys.cfg 2010/07/13 v1.3 Configuration of (r)epstopdf for TeX Liv
e
))
LaTeX Info: Redefining \. on input line 29.
LaTeX Info: Redefining \% on input line 29.

*geometry* driver: auto-detecting
*geometry* detected driver: pdftex
*geometry* verbose mode - [ preamble ] result:
* driver: pdftex
* paper: a4paper
* layout: <same size as paper>
* layoutoffset:(h,v)=(0.0pt,0.0pt)
* modes: 
* h-part:(L,W,R)=(85.35826pt, 426.79135pt, 85.35826pt)
* v-part:(T,H,B)=(99.58464pt, 645.87756pt, 99.58464pt)
* \paperwidth=597.50787pt
* \paperheight=845.04684pt
* \textwidth=426.79135pt
* \textheight=645.87756pt
* \oddsidemargin=13.08827pt
* \evensidemargin=13.08827pt
* \topmargin=-4.55914pt
* \headheight=12.0pt
* \headsep=19.8738pt
* \topskip=11.0pt
* \footskip=27.46295pt
* \marginparwidth=53.0pt
* \marginparsep=7.0pt
* \columnsep=10.0pt
* \skip\footins=10.0pt plus 4.0pt minus 2.0pt
* \hoffset=0.0pt
* \voffset=0.0pt
* \mag=1000
* \@twocolumnfalse
* \@twosidefalse
* \@mparswitchfalse
* \@reversemarginfalse
* (1in=72.27pt=25.4mm, 1cm=28.453pt)


Package todonotes Warning: The length marginparwidth is less than 2cm and will 
most likely cause issues with the appearance of inserted todonotes. The issue c
an be solved by adding a line like \setlength {\marginparwidth }{2cm} prior to 
loading the todonotes package. on input line 29.

Package hyperref Info: Link coloring ON on input line 29.
(/home/bweisz/Documents/Tesis-de-licenciatura-Bruno-Weisz/reporte/tesis.out)
(/home/bweisz/Documents/Tesis-de-licenciatura-Bruno-Weisz/reporte/tesis.out)
\@outlinefile=\write5
\openout5 = `tesis.out'.

Package caption Info: Begin \AtBeginDocument code.
Package caption Info: End \AtBeginDocument code.

(/home/bweisz/Documents/Tesis-de-licenciatura-Bruno-Weisz/reporte/caratula.tex
LaTeX Font Info:    Trying to load font information for U+msa on input line 9.

(/usr/local/texlive/2025/texmf-dist/tex/latex/amsfonts/umsa.fd
File: umsa.fd 2013/01/14 v3.01 AMS symbols A
)
LaTeX Font Info:    Trying to load font information for U+msb on input line 9.

(/usr/local/texlive/2025/texmf-dist/tex/latex/amsfonts/umsb.fd
File: umsb.fd 2013/01/14 v3.01 AMS symbols B
)
<logofcen.pdf, id=300, 108.405pt x 108.405pt>
File: logofcen.pdf Graphic file (type pdf)
<use logofcen.pdf>
Package pdftex.def Info: logofcen.pdf  used on input line 10.
(pdftex.def)             Requested size: 73.97733pt x 73.98073pt.
 [1

{/usr/local/texlive/2025/texmf-var/fonts/map/pdftex/updmap/pdftex.map} </home/b
weisz/Documents/Tesis-de-licenciatura-Bruno-Weisz/reporte/logofcen.pdf>])
(/home/bweisz/Documents/Tesis-de-licenciatura-Bruno-Weisz/reporte/abs_esp.tex)
[1


] (/home/bweisz/Documents/Tesis-de-licenciatura-Bruno-Weisz/reporte/tesis.toc
LaTeX Info: Redefining \. on input line 1.
LaTeX Info: Redefining \% on input line 1.
[2

])
\tf@toc=\write6
\openout6 = `tesis.toc'.

 [3]
pdfTeX warning (ext4): destination with the same identifier (name{page.1}) has 
been already used, duplicate ignored
<to be read again> 
                   \relax 
l.60 \part{Introducción}
                          [1


]
\openout2 = `secciones/introduccion.aux'.


(/home/bweisz/Documents/Tesis-de-licenciatura-Bruno-Weisz/reporte/secciones/int
roduccion.tex) [2

] [3]
\openout2 = `secciones/primitivas_criptograficas.aux'.


(/home/bweisz/Documents/Tesis-de-licenciatura-Bruno-Weisz/reporte/secciones/pri
mitivas_criptograficas.tex
Cap\'{\i }tulo 1.
[4




]
LaTeX Info: Redefining \. on input line 74.
LaTeX Info: Redefining \% on input line 74.
Package babel Info: 'spanish' activates 'spanish' shorthands.
(babel)             Reported on input line 74.
 [5]
LaTeX Info: Redefining \. on input line 121.
LaTeX Info: Redefining \% on input line 121.
 [6]
LaTeX Info: Redefining \. on input line 153.
LaTeX Info: Redefining \% on input line 153.
 [7]
LaTeX Info: Redefining \. on input line 169.
LaTeX Info: Redefining \% on input line 169.
 [8]
LaTeX Info: Redefining \. on input line 198.
LaTeX Info: Redefining \% on input line 198.
 [9]
<imagenes/intuicion_shwartz_zippel.png, id=493, 509.905pt x 500.87125pt>
File: imagenes/intuicion_shwartz_zippel.png Graphic file (type png)
<use imagenes/intuicion_shwartz_zippel.png>
Package pdftex.def Info: imagenes/intuicion_shwartz_zippel.png  used on input l
ine 216.
(pdftex.def)             Requested size: 213.39568pt x 209.6155pt.


LaTeX Warning: `!h' float specifier changed to `!ht'.

<imagenes/curvas elipticas de ejemplo.png, id=496, 1393.205pt x 620.3175pt>
File: imagenes/curvas elipticas de ejemplo.png Graphic file (type png)
<use imagenes/curvas elipticas de ejemplo.png>
Package pdftex.def Info: imagenes/curvas elipticas de ejemplo.png  used on inpu
t line 230.
(pdftex.def)             Requested size: 213.39568pt x 95.01237pt.
LaTeX Info: Redefining \. on input line 233.
LaTeX Info: Redefining \% on input line 233.
[10]
<imagenes/elliptic_curve_addition.png, id=505, 1134.2375pt x 917.4275pt>
File: imagenes/elliptic_curve_addition.png Graphic file (type png)
<use imagenes/elliptic_curve_addition.png>
Package pdftex.def Info: imagenes/elliptic_curve_addition.png  used on input li
ne 244.
(pdftex.def)             Requested size: 213.39568pt x 172.59119pt.
<imagenes/suma tangente curva eliptica.png, id=507, 1134.2375pt x 917.4275pt>
File: imagenes/suma tangente curva eliptica.png Graphic file (type png)
<use imagenes/suma tangente curva eliptica.png>
Package pdftex.def Info: imagenes/suma tangente curva eliptica.png  used on inp
ut line 253.
(pdftex.def)             Requested size: 213.39568pt x 172.59119pt.
LaTeX Info: Redefining \. on input line 259.
LaTeX Info: Redefining \% on input line 259.
 [11 </home/bweisz/Documents/Tesis-de-licenciatura-Bruno-Weisz/reporte/imagenes
/intuicion_shwartz_zippel.png> </home/bweisz/Documents/Tesis-de-licenciatura-Br
uno-Weisz/reporte/imagenes/curvas elipticas de ejemplo.png>]
LaTeX Info: Redefining \. on input line 259.
LaTeX Info: Redefining \% on input line 259.
 [12 </home/bweisz/Documents/Tesis-de-licenciatura-Bruno-Weisz/reporte/imagenes
/elliptic_curve_addition.png> </home/bweisz/Documents/Tesis-de-licenciatura-Bru
no-Weisz/reporte/imagenes/suma tangente curva eliptica.png>]
LaTeX Info: Redefining \. on input line 298.
LaTeX Info: Redefining \% on input line 298.
 [13]
<imagenes/curva eliptica Fp.png, id=531, 467.7475pt x 402.50375pt>
File: imagenes/curva eliptica Fp.png Graphic file (type png)
<use imagenes/curva eliptica Fp.png>
Package pdftex.def Info: imagenes/curva eliptica Fp.png  used on input line 306
.
(pdftex.def)             Requested size: 213.39568pt x 183.63083pt.
Package hyperref Info: bookmark level for unknown algorithm defaults to 0 on in
put line 315.
LaTeX Info: Redefining \. on input line 347.
LaTeX Info: Redefining \% on input line 347.
 [14 </home/bweisz/Documents/Tesis-de-licenciatura-Bruno-Weisz/reporte/imagenes
/curva eliptica Fp.png>]
LaTeX Info: Redefining \. on input line 359.
LaTeX Info: Redefining \% on input line 359.

[15])
LaTeX Info: Redefining \. on input line 62.
LaTeX Info: Redefining \% on input line 62.
 [16]
\openout2 = `secciones/proving_systems.aux'.


(/home/bweisz/Documents/Tesis-de-licenciatura-Bruno-Weisz/reporte/secciones/pro
ving_systems.tex
Cap\'{\i }tulo 2.
[17




]
LaTeX Info: Redefining \. on input line 49.
LaTeX Info: Redefining \% on input line 49.
 [18]
LaTeX Info: Redefining \. on input line 64.
LaTeX Info: Redefining \% on input line 64.
 [19]
LaTeX Info: Redefining \. on input line 82.
LaTeX Info: Redefining \% on input line 82.
 [20]
LaTeX Info: Redefining \. on input line 108.
LaTeX Info: Redefining \% on input line 108.
 [21]
<imagenes/Circuito Plonk.jpg, id=601, 675.52374pt x 1489.565pt>
File: imagenes/Circuito Plonk.jpg Graphic file (type jpg)
<use imagenes/Circuito Plonk.jpg>
Package pdftex.def Info: imagenes/Circuito Plonk.jpg  used on input line 127.
(pdftex.def)             Requested size: 140.84192pt x 310.545pt.

Underfull \hbox (badness 4229) in paragraph at lines 128--128
\OT1/cmr/m/n/10 cir-cui-to del pro-gra-ma de
 []

<imagenes/circuito plonk valores.jpg, id=602, 652.4375pt x 1542.76375pt>
File: imagenes/circuito plonk valores.jpg Graphic file (type jpg)
<use imagenes/circuito plonk valores.jpg>
Package pdftex.def Info: imagenes/circuito plonk valores.jpg  used on input lin
e 134.
(pdftex.def)             Requested size: 128.0387pt x 302.75629pt.

LaTeX Warning: `!h' float specifier changed to `!ht'.


LaTeX Warning: `!h' float specifier changed to `!ht'.

LaTeX Info: Redefining \. on input line 165.
LaTeX Info: Redefining \% on input line 165.
[22]
LaTeX Info: Redefining \. on input line 173.
LaTeX Info: Redefining \% on input line 173.
 [23 </home/bweisz/Documents/Tesis-de-licenciatura-Bruno-Weisz/reporte/imagenes
/Circuito Plonk.jpg> </home/bweisz/Documents/Tesis-de-licenciatura-Bruno-Weisz/
reporte/imagenes/circuito plonk valores.jpg>]
LaTeX Info: Redefining \. on input line 237.
LaTeX Info: Redefining \% on input line 237.
 [24]
LaTeX Info: Redefining \. on input line 299.
LaTeX Info: Redefining \% on input line 299.
 [25]
LaTeX Info: Redefining \. on input line 385.
LaTeX Info: Redefining \% on input line 385.
 [26{/usr/local/texlive/2025/texmf-dist/fonts/enc/dvips/cm-super/cm-super-ts1.e
nc}]
Overfull \hbox (12.30077pt too wide) in paragraph at lines 391--398
 [][] 
 []

LaTeX Info: Redefining \. on input line 444.
LaTeX Info: Redefining \% on input line 444.
[27]
LaTeX Info: Redefining \. on input line 535.
LaTeX Info: Redefining \% on input line 535.
 [28]
LaTeX Info: Redefining \. on input line 562.
LaTeX Info: Redefining \% on input line 562.
 [29]
Overfull \hbox (6.54724pt too wide) detected at line 568
[]
 []

LaTeX Info: Redefining \. on input line 599.
LaTeX Info: Redefining \% on input line 599.
[30]
LaTeX Info: Redefining \. on input line 642.
LaTeX Info: Redefining \% on input line 642.
 [31]
LaTeX Info: Redefining \. on input line 659.
LaTeX Info: Redefining \% on input line 659.
 [32]
LaTeX Info: Redefining \. on input line 691.
LaTeX Info: Redefining \% on input line 691.
 [33])
LaTeX Info: Redefining \. on input line 63.
LaTeX Info: Redefining \% on input line 63.
 [34]
\openout2 = `secciones/pcs.aux'.


(/home/bweisz/Documents/Tesis-de-licenciatura-Bruno-Weisz/reporte/secciones/pcs
.tex
Cap\'{\i }tulo 3.
[35




]
LaTeX Info: Redefining \. on input line 51.
LaTeX Info: Redefining \% on input line 51.
 [36]
LaTeX Info: Redefining \. on input line 81.
LaTeX Info: Redefining \% on input line 81.
 [37]
LaTeX Info: Redefining \. on input line 124.
LaTeX Info: Redefining \% on input line 124.
 [38]
LaTeX Info: Redefining \. on input line 165.
LaTeX Info: Redefining \% on input line 165.
 [39]
LaTeX Info: Redefining \. on input line 211.
LaTeX Info: Redefining \% on input line 211.
 [40]
LaTeX Info: Redefining \. on input line 231.
LaTeX Info: Redefining \% on input line 231.
 [41])
LaTeX Info: Redefining \. on input line 64.
LaTeX Info: Redefining \% on input line 64.
 [42]
\openout2 = `secciones/problema_a_resolver.aux'.


(/home/bweisz/Documents/Tesis-de-licenciatura-Bruno-Weisz/reporte/secciones/pro
blema_a_resolver.tex
Cap\'{\i }tulo 4.
) [43




] [44



]
\openout2 = `secciones/noir.aux'.


(/home/bweisz/Documents/Tesis-de-licenciatura-Bruno-Weisz/reporte/secciones/noi
r.tex
Cap\'{\i }tulo 5.
[45


]
LaTeX Info: Redefining \. on input line 59.
LaTeX Info: Redefining \% on input line 59.
 [46]
LaTeX Info: Redefining \. on input line 87.
LaTeX Info: Redefining \% on input line 87.
 [47]
LaTeX Info: Redefining \. on input line 132.
LaTeX Info: Redefining \% on input line 132.
 [48]
LaTeX Info: Redefining \. on input line 176.
LaTeX Info: Redefining \% on input line 176.
 [49]
LaTeX Info: Redefining \. on input line 229.
LaTeX Info: Redefining \% on input line 229.
 [50]
LaTeX Info: Redefining \. on input line 249.
LaTeX Info: Redefining \% on input line 249.
 [51])
LaTeX Info: Redefining \. on input line 68.
LaTeX Info: Redefining \% on input line 68.
 [52]
\openout2 = `secciones/plonky2.aux'.


(/home/bweisz/Documents/Tesis-de-licenciatura-Bruno-Weisz/reporte/secciones/plo
nky2.tex
Cap\'{\i }tulo 6.
Package hyperref Info: bookmark level for unknown listing defaults to 0 on inpu
t line 13.
\pydata@fh@0=\write7
\openout7 = `_04A3511FB91E3313EE47AAE4731CFC7A.data.minted'.

runsystem(latexminted config  --timestamp 20251216121215 04A3511FB91E3313EE47AA
E4731CFC7A)...executed safely (allowed).


/home/bweisz/Documents/Tesis-de-licenciatura-Bruno-Weisz/reporte/secciones/plon
ky2.tex:49: Package minted Error: minted v3+ executable is not installed, is no
t added to PATH, or is not permitted with restricted shell escape; or MiKTeX is
 being used with -aux-directory or -output-directory without setting a TEXMF_OU
TPUT_DIRECTORY environment variable.

See the minted package documentation for explanation.
Type  H <return>  for immediate help.
 ...                                              
                                                  
l.49 \end{minted}
                 
This error message was generated by an \errmessage
command, so I can't give any explicit help.
Pretend that you're Hercule Poirot: Examine all clues,
and deduce the truth by order and method.


(/home/bweisz/Documents/Tesis-de-licenciatura-Bruno-Weisz/reporte/_minted/defau
lt.style.minted)
(/home/bweisz/Documents/Tesis-de-licenciatura-Bruno-Weisz/reporte/_minted/41E04
8F69EDEAD32FC7AEE8E8DD39BBD.highlight.minted
LaTeX Font Info:    Font shape `OT1/cmtt/bx/n' in size <10.95> not available
(Font)              Font shape `OT1/cmtt/m/n' tried instead on input line 2.
)
Overfull \hbox (11.31088pt too wide) in paragraph at lines 52--54
\OT1/cmr/m/n/10.95 cui-to. En es-te ca-so es-ta-mos to-man-do una con-fi-gu-ra-
ci^^Son de-fault \OT1/cmtt/m/n/10.95 standard[]recursion[]config\OT1/cmr/m/n/10
.95 .
 []

[53




]
LaTeX Info: Redefining \. on input line 63.
LaTeX Info: Redefining \% on input line 63.
 [54]
LaTeX Info: Redefining \. on input line 92.
LaTeX Info: Redefining \% on input line 92.
 [55]
LaTeX Info: Redefining \. on input line 119.
LaTeX Info: Redefining \% on input line 119.
 [56])
LaTeX Info: Redefining \. on input line 69.
LaTeX Info: Redefining \% on input line 69.
 [57]
\openout2 = `secciones/noirky2.aux'.


(/home/bweisz/Documents/Tesis-de-licenciatura-Bruno-Weisz/reporte/secciones/noi
rky2.tex
Cap\'{\i }tulo 7.
[58




]
LaTeX Info: Redefining \. on input line 60.
LaTeX Info: Redefining \% on input line 60.
 [59]
LaTeX Info: Redefining \. on input line 81.
LaTeX Info: Redefining \% on input line 81.
 [60]
LaTeX Info: Redefining \. on input line 108.
LaTeX Info: Redefining \% on input line 108.
 [61]
LaTeX Info: Redefining \. on input line 142.
LaTeX Info: Redefining \% on input line 142.
 [62]
<imagenes/circuito_assert_zero.jpg, id=950, 758.835pt x 1325.95375pt>
File: imagenes/circuito_assert_zero.jpg Graphic file (type jpg)
<use imagenes/circuito_assert_zero.jpg>
Package pdftex.def Info: imagenes/circuito_assert_zero.jpg  used on input line 
163.
(pdftex.def)             Requested size: 192.0548pt x 335.57457pt.
LaTeX Info: Redefining \. on input line 204.
LaTeX Info: Redefining \% on input line 204.
 [63]
LaTeX Info: Redefining \. on input line 204.
LaTeX Info: Redefining \% on input line 204.
 [64 </home/bweisz/Documents/Tesis-de-licenciatura-Bruno-Weisz/reporte/imagenes
/circuito_assert_zero.jpg>]
LaTeX Info: Redefining \. on input line 282.
LaTeX Info: Redefining \% on input line 282.
 [65]
Overfull \hbox (4.00479pt too wide) in paragraph at lines 308--309
[]\OT1/cmr/m/n/10.95 La es-tra-te-gia va a ser co-mo si-gue: as^^S^^P co-mo ten
^^S^^Pamos un dic-cio-na-rio \OT1/cmtt/m/n/10.95 witness[]target[]map
 []

LaTeX Info: Redefining \. on input line 313.
LaTeX Info: Redefining \% on input line 313.
[66]
LaTeX Info: Redefining \. on input line 364.
LaTeX Info: Redefining \% on input line 364.
 [67]

LaTeX Warning: `h' float specifier changed to `ht'.


Underfull \hbox (badness 10000) in paragraph at lines 427--428
[] \OT1/cmtt/m/n/10.95 let new[]target[]i = builder.conditional[]assign(is[]cur
rent[]position,
 []


Overfull \hbox (37.0281pt too wide) in paragraph at lines 436--437
[]\OT1/cmr/m/n/10.95 La pri-me-ra Black-Box Fun-ction que va-mos a ana-li-zar v
a a ser \OT1/cmtt/m/n/10.95 BlackBoxFunction::RangeCheck\OT1/cmr/m/n/10.95 .
 []

LaTeX Info: Redefining \. on input line 437.
LaTeX Info: Redefining \% on input line 437.
[68]
LaTeX Info: Redefining \. on input line 449.
LaTeX Info: Redefining \% on input line 449.
 [69]
LaTeX Info: Redefining \. on input line 483.
LaTeX Info: Redefining \% on input line 483.
 [70]
LaTeX Info: Redefining \. on input line 517.
LaTeX Info: Redefining \% on input line 517.
 [71]
Overfull \hbox (10.07672pt too wide) in paragraph at lines 534--535
[]\OT1/cmr/m/n/10.95 La for-ma de tra-du-cir la ope-ra-cio-nes \OT1/cmtt/m/n/10
.95 BlackBoxFunction::AND \OT1/cmr/m/n/10.95 y \OT1/cmtt/m/n/10.95 BlackBoxFunc
tion::XOR
 []

LaTeX Info: Redefining \. on input line 536.
LaTeX Info: Redefining \% on input line 536.
[72]
LaTeX Info: Redefining \. on input line 574.
LaTeX Info: Redefining \% on input line 574.
 [73]
LaTeX Info: Redefining \. on input line 613.
LaTeX Info: Redefining \% on input line 613.
 [74])
LaTeX Info: Redefining \. on input line 70.
LaTeX Info: Redefining \% on input line 70.
 [75]
Cap\'{\i }tulo 8.
[76



]
(/home/bweisz/Documents/Tesis-de-licenciatura-Bruno-Weisz/reporte/_minted/098B7
5BACF2458A0F4119410D399A9F1.highlight.minted)

Package caption Warning: The option `hypcap=true' will be ignored for this
(caption)                particular \caption on input line 124.
See the caption package documentation for explanation.

LaTeX Info: Redefining \. on input line 127.
LaTeX Info: Redefining \% on input line 127.
[77]
(/home/bweisz/Documents/Tesis-de-licenciatura-Bruno-Weisz/reporte/_minted/F7294
2CF74335F6A15529878CE259BD0.highlight.minted)
LaTeX Info: Redefining \. on input line 166.
LaTeX Info: Redefining \% on input line 166.
 [78]
(/home/bweisz/Documents/Tesis-de-licenciatura-Bruno-Weisz/reporte/_minted/F18BE
0E595061A3FDC31025FCDF82213.highlight.minted)
(/home/bweisz/Documents/Tesis-de-licenciatura-Bruno-Weisz/reporte/_minted/7A71D
3E9EA5E6F9CE10AAF0A35299EFD.highlight.minted)
LaTeX Info: Redefining \. on input line 200.
LaTeX Info: Redefining \% on input line 200.
 [79]
(/home/bweisz/Documents/Tesis-de-licenciatura-Bruno-Weisz/reporte/_minted/E7C9E
CC6C60D4F62CF2249A69F1C0645.highlight.minted)
LaTeX Info: Redefining \. on input line 231.
LaTeX Info: Redefining \% on input line 231.
 [80]
LaTeX Info: Redefining \. on input line 258.
LaTeX Info: Redefining \% on input line 258.
 [81]
LaTeX Info: Redefining \. on input line 264.
LaTeX Info: Redefining \% on input line 264.
 [82] [83

]

Package hyperref Warning: Difference (2) between bookmark levels is greater 
(hyperref)                than one, level fixed on input line 296.

[84]
<imagenes/tiempos/prove-Xor-u8.png, id=1131, 433.62pt x 433.62pt>
File: imagenes/tiempos/prove-Xor-u8.png Graphic file (type png)
<use imagenes/tiempos/prove-Xor-u8.png>
Package pdftex.def Info: imagenes/tiempos/prove-Xor-u8.png  used on input line 
306.
(pdftex.def)             Requested size: 256.07741pt x 256.09163pt.
<imagenes/tiempos/write_vk-Xor-u8.png, id=1134, 433.62pt x 433.62pt>
File: imagenes/tiempos/write_vk-Xor-u8.png Graphic file (type png)
<use imagenes/tiempos/write_vk-Xor-u8.png>
Package pdftex.def Info: imagenes/tiempos/write_vk-Xor-u8.png  used on input li
ne 317.
(pdftex.def)             Requested size: 256.07741pt x 256.09163pt.
 [85 </home/bweisz/Documents/Tesis-de-licenciatura-Bruno-Weisz/reporte/imagenes
/tiempos/prove-Xor-u8.png>]
<imagenes/tiempos/prove-vs-vk-AssertZero-Noirky2.png, id=1145, 433.62pt x 433.6
2pt>
File: imagenes/tiempos/prove-vs-vk-AssertZero-Noirky2.png Graphic file (type pn
g)
<use imagenes/tiempos/prove-vs-vk-AssertZero-Noirky2.png>
Package pdftex.def Info: imagenes/tiempos/prove-vs-vk-AssertZero-Noirky2.png  u
sed on input line 329.
(pdftex.def)             Requested size: 256.07741pt x 256.09163pt.
 [86 </home/bweisz/Documents/Tesis-de-licenciatura-Bruno-Weisz/reporte/imagenes
/tiempos/write_vk-Xor-u8.png>]
<imagenes/tiempos/verify-Assert Zero.png, id=1155, 433.62pt x 433.62pt>
File: imagenes/tiempos/verify-Assert Zero.png Graphic file (type png)
<use imagenes/tiempos/verify-Assert Zero.png>
Package pdftex.def Info: imagenes/tiempos/verify-Assert Zero.png  used on input
 line 346.
(pdftex.def)             Requested size: 256.07741pt x 256.09163pt.


Package hyperref Warning: Difference (2) between bookmark levels is greater 
(hyperref)                than one, level fixed on input line 357.

[87 </home/bweisz/Documents/Tesis-de-licenciatura-Bruno-Weisz/reporte/imagenes/
tiempos/prove-vs-vk-AssertZero-Noirky2.png>] [88 </home/bweisz/Documents/Tesis-
de-licenciatura-Bruno-Weisz/reporte/imagenes/tiempos/verify-Assert Zero.png>]
<imagenes/tiempos/prove-Assert Zero-log.png, id=1175, 433.62pt x 433.62pt>
File: imagenes/tiempos/prove-Assert Zero-log.png Graphic file (type png)
<use imagenes/tiempos/prove-Assert Zero-log.png>
Package pdftex.def Info: imagenes/tiempos/prove-Assert Zero-log.png  used on in
put line 370.
(pdftex.def)             Requested size: 209.1301pt x 209.13432pt.
<imagenes/tiempos/prove-Assert Zero.png, id=1176, 433.62pt x 433.62pt>
File: imagenes/tiempos/prove-Assert Zero.png Graphic file (type png)
<use imagenes/tiempos/prove-Assert Zero.png>
Package pdftex.def Info: imagenes/tiempos/prove-Assert Zero.png  used on input 
line 377.
(pdftex.def)             Requested size: 209.1301pt x 209.13432pt.
<imagenes/tiempos/prove-AssertZero-vs-mem-Noirky2.png, id=1179, 433.62pt x 433.
62pt>
File: imagenes/tiempos/prove-AssertZero-vs-mem-Noirky2.png Graphic file (type p
ng)
<use imagenes/tiempos/prove-AssertZero-vs-mem-Noirky2.png>
Package pdftex.def Info: imagenes/tiempos/prove-AssertZero-vs-mem-Noirky2.png  
used on input line 396.
(pdftex.def)             Requested size: 192.0548pt x 192.05714pt.
<imagenes/tiempos/prove-AssertZero-vs-mem-Barretenberg.png, id=1180, 433.62pt x
 433.62pt>
File: imagenes/tiempos/prove-AssertZero-vs-mem-Barretenberg.png Graphic file (t
ype png)
<use imagenes/tiempos/prove-AssertZero-vs-mem-Barretenberg.png>
Package pdftex.def Info: imagenes/tiempos/prove-AssertZero-vs-mem-Barretenberg.
png  used on input line 403.
(pdftex.def)             Requested size: 192.0548pt x 192.05714pt.
<imagenes/tiempos/prove-Memoria (varía operaciones).png, id=1184, 433.62pt x 4
33.62pt>
File: imagenes/tiempos/prove-Memoria (varía operaciones).png Graphic file (typ
e png)
<use imagenes/tiempos/prove-Memoria (varía operaciones).png>
Package pdftex.def Info: imagenes/tiempos/prove-Memoria (varía operaciones).pn
g  used on input line 415.
(pdftex.def)             Requested size: 256.07741pt x 256.09163pt.


LaTeX Warning: `!h' float specifier changed to `!ht'.

[89 </home/bweisz/Documents/Tesis-de-licenciatura-Bruno-Weisz/reporte/imagenes/
tiempos/prove-Assert Zero-log.png> </home/bweisz/Documents/Tesis-de-licenciatur
a-Bruno-Weisz/reporte/imagenes/tiempos/prove-Assert Zero.png>] [90 </home/bweis
z/Documents/Tesis-de-licenciatura-Bruno-Weisz/reporte/imagenes/tiempos/prove-As
sertZero-vs-mem-Noirky2.png> </home/bweisz/Documents/Tesis-de-licenciatura-Brun
o-Weisz/reporte/imagenes/tiempos/prove-AssertZero-vs-mem-Barretenberg.png> </ho
me/bweisz/Documents/Tesis-de-licenciatura-Bruno-Weisz/reporte/imagenes/tiempos/
prove-Memoria (varía operaciones).png>]
<imagenes/tiempos/prove-Range-u8-table-vs-bits.png, id=1203, 433.62pt x 433.62p
t>
File: imagenes/tiempos/prove-Range-u8-table-vs-bits.png Graphic file (type png)

<use imagenes/tiempos/prove-Range-u8-table-vs-bits.png>
Package pdftex.def Info: imagenes/tiempos/prove-Range-u8-table-vs-bits.png  use
d on input line 431.
(pdftex.def)             Requested size: 256.07741pt x 256.09163pt.
<imagenes/tiempos/prove-Range-u16-Noirky2-vs-Barretenberg.png, id=1208, 433.62p
t x 433.62pt>
File: imagenes/tiempos/prove-Range-u16-Noirky2-vs-Barretenberg.png Graphic file
 (type png)
<use imagenes/tiempos/prove-Range-u16-Noirky2-vs-Barretenberg.png>
Package pdftex.def Info: imagenes/tiempos/prove-Range-u16-Noirky2-vs-Barretenbe
rg.png  used on input line 440.
(pdftex.def)             Requested size: 256.07741pt x 256.09163pt.


LaTeX Warning: `!h' float specifier changed to `!ht'.

[91 </home/bweisz/Documents/Tesis-de-licenciatura-Bruno-Weisz/reporte/imagenes/
tiempos/prove-Range-u8-table-vs-bits.png>]
<imagenes/tiempos/prove-Xor-u16-Noirky2-vs-Barretenberg.png, id=1222, 433.62pt 
x 433.62pt>
File: imagenes/tiempos/prove-Xor-u16-Noirky2-vs-Barretenberg.png Graphic file (
type png)
<use imagenes/tiempos/prove-Xor-u16-Noirky2-vs-Barretenberg.png>
Package pdftex.def Info: imagenes/tiempos/prove-Xor-u16-Noirky2-vs-Barretenberg
.png  used on input line 453.
(pdftex.def)             Requested size: 256.07741pt x 256.09163pt.


LaTeX Warning: `!h' float specifier changed to `!ht'.

<imagenes/tiempos/prove-Xor-Noirky2-bits.png, id=1224, 433.62pt x 433.62pt>
File: imagenes/tiempos/prove-Xor-Noirky2-bits.png Graphic file (type png)
<use imagenes/tiempos/prove-Xor-Noirky2-bits.png>
Package pdftex.def Info: imagenes/tiempos/prove-Xor-Noirky2-bits.png  used on i
nput line 463.
(pdftex.def)             Requested size: 256.07741pt x 256.09163pt.

LaTeX Warning: `!h' float specifier changed to `!ht'.

[92 </home/bweisz/Documents/Tesis-de-licenciatura-Bruno-Weisz/reporte/imagenes/
tiempos/prove-Range-u16-Noirky2-vs-Barretenberg.png>] [93 </home/bweisz/Documen
ts/Tesis-de-licenciatura-Bruno-Weisz/reporte/imagenes/tiempos/prove-Xor-u16-Noi
rky2-vs-Barretenberg.png> </home/bweisz/Documents/Tesis-de-licenciatura-Bruno-W
eisz/reporte/imagenes/tiempos/prove-Xor-Noirky2-bits.png>]
<imagenes/tamanios/tamanio-write_vk-Assert Zero.png, id=1242, 433.62pt x 433.62
pt>
File: imagenes/tamanios/tamanio-write_vk-Assert Zero.png Graphic file (type png
)
<use imagenes/tamanios/tamanio-write_vk-Assert Zero.png>
Package pdftex.def Info: imagenes/tamanios/tamanio-write_vk-Assert Zero.png  us
ed on input line 478.
(pdftex.def)             Requested size: 256.07741pt x 256.09163pt.
<imagenes/tamanios/tamanio-write_vk-Xor-u8.png, id=1245, 433.62pt x 433.62pt>
File: imagenes/tamanios/tamanio-write_vk-Xor-u8.png Graphic file (type png)
<use imagenes/tamanios/tamanio-write_vk-Xor-u8.png>
Package pdftex.def Info: imagenes/tamanios/tamanio-write_vk-Xor-u8.png  used on
 input line 487.
(pdftex.def)             Requested size: 256.07741pt x 256.09163pt.


LaTeX Warning: `!h' float specifier changed to `!ht'.

[94 </home/bweisz/Documents/Tesis-de-licenciatura-Bruno-Weisz/reporte/imagenes/
tamanios/tamanio-write_vk-Assert Zero.png>]
<imagenes/tamanios/tamanio-prove-Range-u8.png, id=1261, 433.62pt x 433.62pt>
File: imagenes/tamanios/tamanio-prove-Range-u8.png Graphic file (type png)
<use imagenes/tamanios/tamanio-prove-Range-u8.png>
Package pdftex.def Info: imagenes/tamanios/tamanio-prove-Range-u8.png  used on 
input line 501.
(pdftex.def)             Requested size: 256.07741pt x 256.09163pt.


LaTeX Warning: `!h' float specifier changed to `!ht'.

[95 </home/bweisz/Documents/Tesis-de-licenciatura-Bruno-Weisz/reporte/imagenes/
tamanios/tamanio-write_vk-Xor-u8.png>] [96 </home/bweisz/Documents/Tesis-de-lic
enciatura-Bruno-Weisz/reporte/imagenes/tamanios/tamanio-prove-Range-u8.png>]
[97

] [98] [99] [100

]
Cap\'{\i }tulo A.

Overfull \hbox (35.72572pt too wide) in paragraph at lines 567--568
[]\OT1/cmr/m/n/10.95 Despu^^Ses te-ne-mos que crear un nue-vo pro-yec-to con el
 co-man-do \OT1/cmtt/m/n/10.95 nargo new nombre[]proyecto\OT1/cmr/m/n/10.95 .
 []

[101

]
LaTeX Info: Redefining \. on input line 651.
LaTeX Info: Redefining \% on input line 651.
 [102]
LaTeX Info: Redefining \. on input line 682.
LaTeX Info: Redefining \% on input line 682.
 [103]
Cap\'{\i }tulo B.
File: imagenes/tiempos/prove-Assert Zero.png Graphic file (type png)
<use imagenes/tiempos/prove-Assert Zero.png>
Package pdftex.def Info: imagenes/tiempos/prove-Assert Zero.png  used on input 
line 687.
(pdftex.def)             Requested size: 140.84192pt x 140.8388pt.
File: imagenes/tiempos/prove-Memoria (varía operaciones).png Graphic file (typ
e png)
<use imagenes/tiempos/prove-Memoria (varía operaciones).png>
Package pdftex.def Info: imagenes/tiempos/prove-Memoria (varía operaciones).pn
g  used on input line 693.
(pdftex.def)             Requested size: 140.84192pt x 140.8388pt.
<imagenes/tiempos/prove-Memoria (varía tamaño de lista).png, id=1322, 433.62p
t x 433.62pt>
File: imagenes/tiempos/prove-Memoria (varía tamaño de lista).png Graphic file
 (type png)
<use imagenes/tiempos/prove-Memoria (varía tamaño de lista).png>
Package pdftex.def Info: imagenes/tiempos/prove-Memoria (varía tamaño de list
a).png  used on input line 699.
(pdftex.def)             Requested size: 140.84192pt x 140.8388pt.
<imagenes/tiempos/prove-Range-u8.png, id=1323, 433.62pt x 433.62pt>
File: imagenes/tiempos/prove-Range-u8.png Graphic file (type png)
<use imagenes/tiempos/prove-Range-u8.png>
Package pdftex.def Info: imagenes/tiempos/prove-Range-u8.png  used on input lin
e 708.
(pdftex.def)             Requested size: 140.84192pt x 140.8388pt.
<imagenes/tiempos/prove-Range-u16.png, id=1324, 433.62pt x 433.62pt>
File: imagenes/tiempos/prove-Range-u16.png Graphic file (type png)
<use imagenes/tiempos/prove-Range-u16.png>
Package pdftex.def Info: imagenes/tiempos/prove-Range-u16.png  used on input li
ne 714.
(pdftex.def)             Requested size: 140.84192pt x 140.8388pt.
<imagenes/tiempos/prove-Range-u32.png, id=1325, 433.62pt x 433.62pt>
File: imagenes/tiempos/prove-Range-u32.png Graphic file (type png)
<use imagenes/tiempos/prove-Range-u32.png>
Package pdftex.def Info: imagenes/tiempos/prove-Range-u32.png  used on input li
ne 720.
(pdftex.def)             Requested size: 140.84192pt x 140.8388pt.
File: imagenes/tiempos/prove-Xor-u8.png Graphic file (type png)
<use imagenes/tiempos/prove-Xor-u8.png>
Package pdftex.def Info: imagenes/tiempos/prove-Xor-u8.png  used on input line 
729.
(pdftex.def)             Requested size: 140.84192pt x 140.8388pt.
<imagenes/tiempos/prove-Xor-u16.png, id=1326, 433.62pt x 433.62pt>
File: imagenes/tiempos/prove-Xor-u16.png Graphic file (type png)
<use imagenes/tiempos/prove-Xor-u16.png>
Package pdftex.def Info: imagenes/tiempos/prove-Xor-u16.png  used on input line
 735.
(pdftex.def)             Requested size: 140.84192pt x 140.8388pt.
<imagenes/tiempos/prove-Xor-u32.png, id=1327, 433.62pt x 433.62pt>
File: imagenes/tiempos/prove-Xor-u32.png Graphic file (type png)
<use imagenes/tiempos/prove-Xor-u32.png>
Package pdftex.def Info: imagenes/tiempos/prove-Xor-u32.png  used on input line
 741.
(pdftex.def)             Requested size: 140.84192pt x 140.8388pt.
<imagenes/tiempos/write_vk-Assert Zero.png, id=1328, 433.62pt x 433.62pt>
File: imagenes/tiempos/write_vk-Assert Zero.png Graphic file (type png)
<use imagenes/tiempos/write_vk-Assert Zero.png>
Package pdftex.def Info: imagenes/tiempos/write_vk-Assert Zero.png  used on inp
ut line 756.
(pdftex.def)             Requested size: 140.84192pt x 140.8388pt.
<imagenes/tiempos/write_vk-Memoria (varía operaciones).png, id=1329, 433.62pt 
x 433.62pt>
File: imagenes/tiempos/write_vk-Memoria (varía operaciones).png Graphic file (
type png)
<use imagenes/tiempos/write_vk-Memoria (varía operaciones).png>
Package pdftex.def Info: imagenes/tiempos/write_vk-Memoria (varía operaciones)
.png  used on input line 762.
(pdftex.def)             Requested size: 140.84192pt x 140.8388pt.
<imagenes/tiempos/write_vk-Memoria (varía tamaño de lista).png, id=1330, 433.
62pt x 433.62pt>
File: imagenes/tiempos/write_vk-Memoria (varía tamaño de lista).png Graphic f
ile (type png)
<use imagenes/tiempos/write_vk-Memoria (varía tamaño de lista).png>
Package pdftex.def Info: imagenes/tiempos/write_vk-Memoria (varía tamaño de l
ista).png  used on input line 768.
(pdftex.def)             Requested size: 140.84192pt x 140.8388pt.
<imagenes/tiempos/write_vk-Range-u8.png, id=1331, 433.62pt x 433.62pt>
File: imagenes/tiempos/write_vk-Range-u8.png Graphic file (type png)
<use imagenes/tiempos/write_vk-Range-u8.png>
Package pdftex.def Info: imagenes/tiempos/write_vk-Range-u8.png  used on input 
line 777.
(pdftex.def)             Requested size: 140.84192pt x 140.8388pt.
<imagenes/tiempos/write_vk-Range-u16.png, id=1332, 433.62pt x 433.62pt>
File: imagenes/tiempos/write_vk-Range-u16.png Graphic file (type png)
<use imagenes/tiempos/write_vk-Range-u16.png>
Package pdftex.def Info: imagenes/tiempos/write_vk-Range-u16.png  used on input
 line 783.
(pdftex.def)             Requested size: 140.84192pt x 140.8388pt.
<imagenes/tiempos/write_vk-Range-u32.png, id=1333, 433.62pt x 433.62pt>
File: imagenes/tiempos/write_vk-Range-u32.png Graphic file (type png)
<use imagenes/tiempos/write_vk-Range-u32.png>
Package pdftex.def Info: imagenes/tiempos/write_vk-Range-u32.png  used on input
 line 789.
(pdftex.def)             Requested size: 140.84192pt x 140.8388pt.
File: imagenes/tiempos/write_vk-Xor-u8.png Graphic file (type png)
<use imagenes/tiempos/write_vk-Xor-u8.png>
Package pdftex.def Info: imagenes/tiempos/write_vk-Xor-u8.png  used on input li
ne 798.
(pdftex.def)             Requested size: 140.84192pt x 140.8388pt.
<imagenes/tiempos/write_vk-Xor-u16.png, id=1334, 433.62pt x 433.62pt>
File: imagenes/tiempos/write_vk-Xor-u16.png Graphic file (type png)
<use imagenes/tiempos/write_vk-Xor-u16.png>
Package pdftex.def Info: imagenes/tiempos/write_vk-Xor-u16.png  used on input l
ine 804.
(pdftex.def)             Requested size: 140.84192pt x 140.8388pt.
<imagenes/tiempos/write_vk-Xor-u32.png, id=1335, 433.62pt x 433.62pt>
File: imagenes/tiempos/write_vk-Xor-u32.png Graphic file (type png)
<use imagenes/tiempos/write_vk-Xor-u32.png>
Package pdftex.def Info: imagenes/tiempos/write_vk-Xor-u32.png  used on input l
ine 810.
(pdftex.def)             Requested size: 140.84192pt x 140.8388pt.
File: imagenes/tiempos/verify-Assert Zero.png Graphic file (type png)
<use imagenes/tiempos/verify-Assert Zero.png>
Package pdftex.def Info: imagenes/tiempos/verify-Assert Zero.png  used on input
 line 823.
(pdftex.def)             Requested size: 140.84192pt x 140.8388pt.
<imagenes/tiempos/verify-Memoria (varia operaciones).png, id=1336, 433.62pt x 4
33.62pt>
File: imagenes/tiempos/verify-Memoria (varia operaciones).png Graphic file (typ
e png)
<use imagenes/tiempos/verify-Memoria (varia operaciones).png>
Package pdftex.def Info: imagenes/tiempos/verify-Memoria (varia operaciones).pn
g  used on input line 829.
(pdftex.def)             Requested size: 140.84192pt x 140.8388pt.
<imagenes/tiempos/verify-Memoria (varía tamaño de lista).png, id=1337, 433.62
pt x 433.62pt>
File: imagenes/tiempos/verify-Memoria (varía tamaño de lista).png Graphic fil
e (type png)
<use imagenes/tiempos/verify-Memoria (varía tamaño de lista).png>
Package pdftex.def Info: imagenes/tiempos/verify-Memoria (varía tamaño de lis
ta).png  used on input line 835.
(pdftex.def)             Requested size: 140.84192pt x 140.8388pt.
<imagenes/tiempos/verify-Range-u8.png, id=1338, 433.62pt x 433.62pt>
File: imagenes/tiempos/verify-Range-u8.png Graphic file (type png)
<use imagenes/tiempos/verify-Range-u8.png>
Package pdftex.def Info: imagenes/tiempos/verify-Range-u8.png  used on input li
ne 844.
(pdftex.def)             Requested size: 140.84192pt x 140.8388pt.
<imagenes/tiempos/verify-Range-u16.png, id=1339, 433.62pt x 433.62pt>
File: imagenes/tiempos/verify-Range-u16.png Graphic file (type png)
<use imagenes/tiempos/verify-Range-u16.png>
Package pdftex.def Info: imagenes/tiempos/verify-Range-u16.png  used on input l
ine 850.
(pdftex.def)             Requested size: 140.84192pt x 140.8388pt.
<imagenes/tiempos/verify-Range-u32.png, id=1340, 433.62pt x 433.62pt>
File: imagenes/tiempos/verify-Range-u32.png Graphic file (type png)
<use imagenes/tiempos/verify-Range-u32.png>
Package pdftex.def Info: imagenes/tiempos/verify-Range-u32.png  used on input l
ine 856.
(pdftex.def)             Requested size: 140.84192pt x 140.8388pt.
<imagenes/tiempos/verify-Xor-u8.png, id=1341, 433.62pt x 433.62pt>
File: imagenes/tiempos/verify-Xor-u8.png Graphic file (type png)
<use imagenes/tiempos/verify-Xor-u8.png>
Package pdftex.def Info: imagenes/tiempos/verify-Xor-u8.png  used on input line
 865.
(pdftex.def)             Requested size: 140.84192pt x 140.8388pt.
<imagenes/tiempos/verify-Xor-u16.png, id=1342, 433.62pt x 433.62pt>
File: imagenes/tiempos/verify-Xor-u16.png Graphic file (type png)
<use imagenes/tiempos/verify-Xor-u16.png>
Package pdftex.def Info: imagenes/tiempos/verify-Xor-u16.png  used on input lin
e 871.
(pdftex.def)             Requested size: 140.84192pt x 140.8388pt.
<imagenes/tiempos/verify-Xor-u32.png, id=1343, 433.62pt x 433.62pt>
File: imagenes/tiempos/verify-Xor-u32.png Graphic file (type png)
<use imagenes/tiempos/verify-Xor-u32.png>
Package pdftex.def Info: imagenes/tiempos/verify-Xor-u32.png  used on input lin
e 877.
(pdftex.def)             Requested size: 140.84192pt x 140.8388pt.
File: imagenes/tamanios/tamanio-write_vk-Assert Zero.png Graphic file (type png
)
<use imagenes/tamanios/tamanio-write_vk-Assert Zero.png>
Package pdftex.def Info: imagenes/tamanios/tamanio-write_vk-Assert Zero.png  us
ed on input line 891.
(pdftex.def)             Requested size: 140.84192pt x 140.8388pt.
<imagenes/tamanios/tamanio-write_vk-Memoria (varía operaciones).png, id=1344, 
433.62pt x 433.62pt>
File: imagenes/tamanios/tamanio-write_vk-Memoria (varía operaciones).png Graph
ic file (type png)
<use imagenes/tamanios/tamanio-write_vk-Memoria (varía operaciones).png>
Package pdftex.def Info: imagenes/tamanios/tamanio-write_vk-Memoria (varía ope
raciones).png  used on input line 897.
(pdftex.def)             Requested size: 140.84192pt x 140.8388pt.
<imagenes/tamanios/tamanio-write_vk-Memoria (varía tamaño de lista).png, id=1
345, 433.62pt x 433.62pt>
File: imagenes/tamanios/tamanio-write_vk-Memoria (varía tamaño de lista).png 
Graphic file (type png)
<use imagenes/tamanios/tamanio-write_vk-Memoria (varía tamaño de lista).png>
Package pdftex.def Info: imagenes/tamanios/tamanio-write_vk-Memoria (varía tam
año de lista).png  used on input line 903.
(pdftex.def)             Requested size: 140.84192pt x 140.8388pt.
<imagenes/tamanios/tamanio-write_vk-Range-u8.png, id=1346, 433.62pt x 433.62pt>

File: imagenes/tamanios/tamanio-write_vk-Range-u8.png Graphic file (type png)
<use imagenes/tamanios/tamanio-write_vk-Range-u8.png>
Package pdftex.def Info: imagenes/tamanios/tamanio-write_vk-Range-u8.png  used 
on input line 912.
(pdftex.def)             Requested size: 140.84192pt x 140.8388pt.
<imagenes/tamanios/tamanio-write_vk-Range-u16.png, id=1347, 433.62pt x 433.62pt
>
File: imagenes/tamanios/tamanio-write_vk-Range-u16.png Graphic file (type png)
<use imagenes/tamanios/tamanio-write_vk-Range-u16.png>
Package pdftex.def Info: imagenes/tamanios/tamanio-write_vk-Range-u16.png  used
 on input line 918.
(pdftex.def)             Requested size: 140.84192pt x 140.8388pt.
<imagenes/tamanios/tamanio-write_vk-Range-u32.png, id=1348, 433.62pt x 433.62pt
>
File: imagenes/tamanios/tamanio-write_vk-Range-u32.png Graphic file (type png)
<use imagenes/tamanios/tamanio-write_vk-Range-u32.png>
Package pdftex.def Info: imagenes/tamanios/tamanio-write_vk-Range-u32.png  used
 on input line 924.
(pdftex.def)             Requested size: 140.84192pt x 140.8388pt.
File: imagenes/tamanios/tamanio-write_vk-Xor-u8.png Graphic file (type png)
<use imagenes/tamanios/tamanio-write_vk-Xor-u8.png>
Package pdftex.def Info: imagenes/tamanios/tamanio-write_vk-Xor-u8.png  used on
 input line 933.
(pdftex.def)             Requested size: 140.84192pt x 140.8388pt.
<imagenes/tamanios/tamanio-write_vk-Xor-u16.png, id=1349, 433.62pt x 433.62pt>
File: imagenes/tamanios/tamanio-write_vk-Xor-u16.png Graphic file (type png)
<use imagenes/tamanios/tamanio-write_vk-Xor-u16.png>
Package pdftex.def Info: imagenes/tamanios/tamanio-write_vk-Xor-u16.png  used o
n input line 939.
(pdftex.def)             Requested size: 140.84192pt x 140.8388pt.
<imagenes/tamanios/tamanio-write_vk-Xor-u32.png, id=1350, 433.62pt x 433.62pt>
File: imagenes/tamanios/tamanio-write_vk-Xor-u32.png Graphic file (type png)
<use imagenes/tamanios/tamanio-write_vk-Xor-u32.png>
Package pdftex.def Info: imagenes/tamanios/tamanio-write_vk-Xor-u32.png  used o
n input line 945.
(pdftex.def)             Requested size: 140.84192pt x 140.8388pt.
<imagenes/tamanios/tamanio-prove-Assert Zero.png, id=1351, 433.62pt x 433.62pt>

File: imagenes/tamanios/tamanio-prove-Assert Zero.png Graphic file (type png)
<use imagenes/tamanios/tamanio-prove-Assert Zero.png>
Package pdftex.def Info: imagenes/tamanios/tamanio-prove-Assert Zero.png  used 
on input line 959.
(pdftex.def)             Requested size: 140.84192pt x 140.8388pt.
<imagenes/tamanios/tamanio-prove-Memoria (varía operaciones).png, id=1352, 433
.62pt x 433.62pt>
File: imagenes/tamanios/tamanio-prove-Memoria (varía operaciones).png Graphic 
file (type png)
<use imagenes/tamanios/tamanio-prove-Memoria (varía operaciones).png>
Package pdftex.def Info: imagenes/tamanios/tamanio-prove-Memoria (varía operac
iones).png  used on input line 965.
(pdftex.def)             Requested size: 140.84192pt x 140.8388pt.
<imagenes/tamanios/tamanio-prove-Memoria (varía tamaño de lista).png, id=1353
, 433.62pt x 433.62pt>
File: imagenes/tamanios/tamanio-prove-Memoria (varía tamaño de lista).png Gra
phic file (type png)
<use imagenes/tamanios/tamanio-prove-Memoria (varía tamaño de lista).png>
Package pdftex.def Info: imagenes/tamanios/tamanio-prove-Memoria (varía tamañ
o de lista).png  used on input line 971.
(pdftex.def)             Requested size: 140.84192pt x 140.8388pt.
File: imagenes/tamanios/tamanio-prove-Range-u8.png Graphic file (type png)
<use imagenes/tamanios/tamanio-prove-Range-u8.png>
Package pdftex.def Info: imagenes/tamanios/tamanio-prove-Range-u8.png  used on 
input line 980.
(pdftex.def)             Requested size: 140.84192pt x 140.8388pt.
<imagenes/tamanios/tamanio-prove-Range-u16.png, id=1354, 433.62pt x 433.62pt>
File: imagenes/tamanios/tamanio-prove-Range-u16.png Graphic file (type png)
<use imagenes/tamanios/tamanio-prove-Range-u16.png>
Package pdftex.def Info: imagenes/tamanios/tamanio-prove-Range-u16.png  used on
 input line 986.
(pdftex.def)             Requested size: 140.84192pt x 140.8388pt.
<imagenes/tamanios/tamanio-prove-Range-u32.png, id=1355, 433.62pt x 433.62pt>
File: imagenes/tamanios/tamanio-prove-Range-u32.png Graphic file (type png)
<use imagenes/tamanios/tamanio-prove-Range-u32.png>
Package pdftex.def Info: imagenes/tamanios/tamanio-prove-Range-u32.png  used on
 input line 992.
(pdftex.def)             Requested size: 140.84192pt x 140.8388pt.
<imagenes/tamanios/tamanio-prove-Xor-u8.png, id=1356, 433.62pt x 433.62pt>
File: imagenes/tamanios/tamanio-prove-Xor-u8.png Graphic file (type png)
<use imagenes/tamanios/tamanio-prove-Xor-u8.png>
Package pdftex.def Info: imagenes/tamanios/tamanio-prove-Xor-u8.png  used on in
put line 1001.
(pdftex.def)             Requested size: 140.84192pt x 140.8388pt.
<imagenes/tamanios/tamanio-prove-Xor-u16.png, id=1357, 433.62pt x 433.62pt>
File: imagenes/tamanios/tamanio-prove-Xor-u16.png Graphic file (type png)
<use imagenes/tamanios/tamanio-prove-Xor-u16.png>
Package pdftex.def Info: imagenes/tamanios/tamanio-prove-Xor-u16.png  used on i
nput line 1007.
(pdftex.def)             Requested size: 140.84192pt x 140.8388pt.
<imagenes/tamanios/tamanio-prove-Xor-u32.png, id=1358, 433.62pt x 433.62pt>
File: imagenes/tamanios/tamanio-prove-Xor-u32.png Graphic file (type png)
<use imagenes/tamanios/tamanio-prove-Xor-u32.png>
Package pdftex.def Info: imagenes/tamanios/tamanio-prove-Xor-u32.png  used on i
nput line 1013.
(pdftex.def)             Requested size: 140.84192pt x 140.8388pt.
[104

 </home/bweisz/Documents/Tesis-de-licenciatura-Bruno-Weisz/reporte/imagenes/tie
mpos/prove-Memoria (varía tamaño de lista).png> </home/bweisz/Documents/Tesis
-de-licenciatura-Bruno-Weisz/reporte/imagenes/tiempos/prove-Range-u8.png> </hom
e/bweisz/Documents/Tesis-de-licenciatura-Bruno-Weisz/reporte/imagenes/tiempos/p
rove-Range-u16.png> </home/bweisz/Documents/Tesis-de-licenciatura-Bruno-Weisz/r
eporte/imagenes/tiempos/prove-Range-u32.png> </home/bweisz/Documents/Tesis-de-l
icenciatura-Bruno-Weisz/reporte/imagenes/tiempos/prove-Xor-u16.png> </home/bwei
sz/Documents/Tesis-de-licenciatura-Bruno-Weisz/reporte/imagenes/tiempos/prove-X
or-u32.png>]
LaTeX Info: Redefining \. on input line 1022.
LaTeX Info: Redefining \% on input line 1022.
 [105 </home/bweisz/Documents/Tesis-de-licenciatura-Bruno-Weisz/reporte/imagene
s/tiempos/write_vk-Assert Zero.png> </home/bweisz/Documents/Tesis-de-licenciatu
ra-Bruno-Weisz/reporte/imagenes/tiempos/write_vk-Memoria (varía operaciones).p
ng> </home/bweisz/Documents/Tesis-de-licenciatura-Bruno-Weisz/reporte/imagenes/
tiempos/write_vk-Memoria (varía tamaño de lista).png> </home/bweisz/Documents
/Tesis-de-licenciatura-Bruno-Weisz/reporte/imagenes/tiempos/write_vk-Range-u8.p
ng> </home/bweisz/Documents/Tesis-de-licenciatura-Bruno-Weisz/reporte/imagenes/
tiempos/write_vk-Range-u16.png> </home/bweisz/Documents/Tesis-de-licenciatura-B
runo-Weisz/reporte/imagenes/tiempos/write_vk-Range-u32.png> </home/bweisz/Docum
ents/Tesis-de-licenciatura-Bruno-Weisz/reporte/imagenes/tiempos/write_vk-Xor-u1
6.png> </home/bweisz/Documents/Tesis-de-licenciatura-Bruno-Weisz/reporte/imagen
es/tiempos/write_vk-Xor-u32.png>]
LaTeX Info: Redefining \. on input line 1022.
LaTeX Info: Redefining \% on input line 1022.
 [106 </home/bweisz/Documents/Tesis-de-licenciatura-Bruno-Weisz/reporte/imagene
s/tiempos/verify-Memoria (varia operaciones).png> </home/bweisz/Documents/Tesis
-de-licenciatura-Bruno-Weisz/reporte/imagenes/tiempos/verify-Memoria (varía ta
maño de lista).png> </home/bweisz/Documents/Tesis-de-licenciatura-Bruno-Weisz/
reporte/imagenes/tiempos/verify-Range-u8.png> </home/bweisz/Documents/Tesis-de-
licenciatura-Bruno-Weisz/reporte/imagenes/tiempos/verify-Range-u16.png> </home/
bweisz/Documents/Tesis-de-licenciatura-Bruno-Weisz/reporte/imagenes/tiempos/ver
ify-Range-u32.png> </home/bweisz/Documents/Tesis-de-licenciatura-Bruno-Weisz/re
porte/imagenes/tiempos/verify-Xor-u8.png> </home/bweisz/Documents/Tesis-de-lice
nciatura-Bruno-Weisz/reporte/imagenes/tiempos/verify-Xor-u16.png> </home/bweisz
/Documents/Tesis-de-licenciatura-Bruno-Weisz/reporte/imagenes/tiempos/verify-Xo
r-u32.png>]
LaTeX Info: Redefining \. on input line 1022.
LaTeX Info: Redefining \% on input line 1022.
 [107 </home/bweisz/Documents/Tesis-de-licenciatura-Bruno-Weisz/reporte/imagene
s/tamanios/tamanio-write_vk-Memoria (varía operaciones).png> </home/bweisz/Doc
uments/Tesis-de-licenciatura-Bruno-Weisz/reporte/imagenes/tamanios/tamanio-writ
e_vk-Memoria (varía tamaño de lista).png> </home/bweisz/Documents/Tesis-de-li
cenciatura-Bruno-Weisz/reporte/imagenes/tamanios/tamanio-write_vk-Range-u8.png>
 </home/bweisz/Documents/Tesis-de-licenciatura-Bruno-Weisz/reporte/imagenes/tam
anios/tamanio-write_vk-Range-u16.png> </home/bweisz/Documents/Tesis-de-licencia
tura-Bruno-Weisz/reporte/imagenes/tamanios/tamanio-write_vk-Range-u32.png> </ho
me/bweisz/Documents/Tesis-de-licenciatura-Bruno-Weisz/reporte/imagenes/tamanios
/tamanio-write_vk-Xor-u16.png> </home/bweisz/Documents/Tesis-de-licenciatura-Br
uno-Weisz/reporte/imagenes/tamanios/tamanio-write_vk-Xor-u32.png>]
LaTeX Info: Redefining \. on input line 1022.
LaTeX Info: Redefining \% on input line 1022.
 [108 </home/bweisz/Documents/Tesis-de-licenciatura-Bruno-Weisz/reporte/imagene
s/tamanios/tamanio-prove-Assert Zero.png> </home/bweisz/Documents/Tesis-de-lice
nciatura-Bruno-Weisz/reporte/imagenes/tamanios/tamanio-prove-Memoria (varía op
eraciones).png> </home/bweisz/Documents/Tesis-de-licenciatura-Bruno-Weisz/repor
te/imagenes/tamanios/tamanio-prove-Memoria (varía tamaño de lista).png> </hom
e/bweisz/Documents/Tesis-de-licenciatura-Bruno-Weisz/reporte/imagenes/tamanios/
tamanio-prove-Range-u16.png> </home/bweisz/Documents/Tesis-de-licenciatura-Brun
o-Weisz/reporte/imagenes/tamanios/tamanio-prove-Range-u32.png> </home/bweisz/Do
cuments/Tesis-de-licenciatura-Bruno-Weisz/reporte/imagenes/tamanios/tamanio-pro
ve-Xor-u8.png> </home/bweisz/Documents/Tesis-de-licenciatura-Bruno-Weisz/report
e/imagenes/tamanios/tamanio-prove-Xor-u16.png> </home/bweisz/Documents/Tesis-de
-licenciatura-Bruno-Weisz/reporte/imagenes/tamanios/tamanio-prove-Xor-u32.png>]

Cap\'{\i }tulo C.
[109

]
LaTeX Info: Redefining \. on input line 1065.
LaTeX Info: Redefining \% on input line 1065.
 [110]
Cap\'{\i }tulo D.
[111

]
LaTeX Info: Redefining \. on input line 1106.
LaTeX Info: Redefining \% on input line 1106.
 [112]
(/home/bweisz/Documents/Tesis-de-licenciatura-Bruno-Weisz/reporte/tesis.bbl
[113

])
LaTeX Info: Redefining \. on input line 1110.
LaTeX Info: Redefining \% on input line 1110.
 [114]
(/home/bweisz/Documents/Tesis-de-licenciatura-Bruno-Weisz/reporte/tesis.aux
LaTeX Info: Redefining \. on input line 11.
LaTeX Info: Redefining \% on input line 11.

(/home/bweisz/Documents/Tesis-de-licenciatura-Bruno-Weisz/reporte/secciones/int
roduccion.aux)
(/home/bweisz/Documents/Tesis-de-licenciatura-Bruno-Weisz/reporte/secciones/pri
mitivas_criptograficas.aux)
(/home/bweisz/Documents/Tesis-de-licenciatura-Bruno-Weisz/reporte/secciones/pro
ving_systems.aux)
(/home/bweisz/Documents/Tesis-de-licenciatura-Bruno-Weisz/reporte/secciones/pcs
.aux)
(/home/bweisz/Documents/Tesis-de-licenciatura-Bruno-Weisz/reporte/secciones/pro
blema_a_resolver.aux)
(/home/bweisz/Documents/Tesis-de-licenciatura-Bruno-Weisz/reporte/secciones/noi
r.aux)
(/home/bweisz/Documents/Tesis-de-licenciatura-Bruno-Weisz/reporte/secciones/plo
nky2.aux)
(/home/bweisz/Documents/Tesis-de-licenciatura-Bruno-Weisz/reporte/secciones/noi
rky2.aux))
 ***********
LaTeX2e <2025-11-01>
L3 programming layer <2025-11-14>
 ***********


LaTeX Warning: Label(s) may have changed. Rerun to get cross-references right.

Package rerunfilecheck Info: File `tesis.out' has not changed.
(rerunfilecheck)             Checksum: E8B26DCC8A1D4F12BD4305FF13736E64;12253.
 ) 
Here is how much of TeX's memory you used:
 31793 strings out of 468662
 648682 string characters out of 5441703
 1122098 words of memory out of 5000000
 59542 multiletter control sequences out of 15000+600000
 641876 words of font info for 94 fonts, out of 8000000 for 9000
 430 hyphenation exceptions out of 8191
 95i,15n,131p,1201b,1322s stack positions out of 10000i,1000n,20000p,200000b,200000s
</usr/local/texlive/2025/texmf-dist/fonts/type1/public/amsfonts/cm/cmbx10.pfb
></usr/local/texlive/2025/texmf-dist/fonts/type1/public/amsfonts/cm/cmbx12.pfb>
</usr/local/texlive/2025/texmf-dist/fonts/type1/public/amsfonts/cm/cmbxti10.pfb
></usr/local/texlive/2025/texmf-dist/fonts/type1/public/amsfonts/cm/cmcsc10.pfb
></usr/local/texlive/2025/texmf-dist/fonts/type1/public/amsfonts/cm/cmex10.pfb>
</usr/local/texlive/2025/texmf-dist/fonts/type1/public/amsfonts/cm/cmitt10.pfb>
</usr/local/texlive/2025/texmf-dist/fonts/type1/public/amsfonts/cm/cmmi10.pfb><
/usr/local/texlive/2025/texmf-dist/fonts/type1/public/amsfonts/cm/cmmi6.pfb></u
sr/local/texlive/2025/texmf-dist/fonts/type1/public/amsfonts/cm/cmmi7.pfb></usr
/local/texlive/2025/texmf-dist/fonts/type1/public/amsfonts/cm/cmmi8.pfb></usr/l
ocal/texlive/2025/texmf-dist/fonts/type1/public/amsfonts/cm/cmr10.pfb></usr/loc
al/texlive/2025/texmf-dist/fonts/type1/public/amsfonts/cm/cmr12.pfb></usr/local
/texlive/2025/texmf-dist/fonts/type1/public/amsfonts/cm/cmr5.pfb></usr/local/te
xlive/2025/texmf-dist/fonts/type1/public/amsfonts/cm/cmr6.pfb></usr/local/texli
ve/2025/texmf-dist/fonts/type1/public/amsfonts/cm/cmr7.pfb></usr/local/texlive/
2025/texmf-dist/fonts/type1/public/amsfonts/cm/cmr8.pfb></usr/local/texlive/202
5/texmf-dist/fonts/type1/public/amsfonts/cm/cmr9.pfb></usr/local/texlive/2025/t
exmf-dist/fonts/type1/public/amsfonts/cm/cmsl10.pfb></usr/local/texlive/2025/te
xmf-dist/fonts/type1/public/amsfonts/cm/cmss10.pfb></usr/local/texlive/2025/tex
mf-dist/fonts/type1/public/amsfonts/cm/cmssbx10.pfb></usr/local/texlive/2025/te
xmf-dist/fonts/type1/public/amsfonts/cm/cmsy10.pfb></usr/local/texlive/2025/tex
mf-dist/fonts/type1/public/amsfonts/cm/cmsy6.pfb></usr/local/texlive/2025/texmf
-dist/fonts/type1/public/amsfonts/cm/cmsy8.pfb></usr/local/texlive/2025/texmf-d
ist/fonts/type1/public/amsfonts/cm/cmti10.pfb></usr/local/texlive/2025/texmf-di
st/fonts/type1/public/amsfonts/cm/cmtt10.pfb></usr/local/texlive/2025/texmf-dis
t/fonts/type1/public/amsfonts/cm/cmtt8.pfb></usr/local/texlive/2025/texmf-dist/
fonts/type1/public/amsfonts/cm/cmtt9.pfb></usr/local/texlive/2025/texmf-dist/fo
nts/type1/public/amsfonts/symbols/msbm10.pfb></usr/local/texlive/2025/texmf-dis
t/fonts/type1/public/cm-super/sfrm1095.pfb>
Output written on /home/bweisz/Documents/Tesis-de-licenciatura-Bruno-Weisz/repo
rte/tesis.pdf (118 pages, 3184584 bytes).
PDF statistics:
 1663 PDF objects out of 1728 (max. 8388607)
 1351 compressed objects within 14 object streams
 424 named destinations out of 1000 (max. 500000)
 907 words of extra memory for PDF output out of 10000 (max. 10000000)

